Archive member included to satisfy reference by file (symbol)

c:/program files (x86)/atollic/truestudio for stm32 9.0.0/armtools/bin/../lib/gcc/arm-atollic-eabi/6.3.1/../../../../arm-atollic-eabi/lib/armv7e-m/fpu\libc_nano.a(lib_a-init.o)
                              startup\startup_stm32l476xx.o (__libc_init_array)
c:/program files (x86)/atollic/truestudio for stm32 9.0.0/armtools/bin/../lib/gcc/arm-atollic-eabi/6.3.1/../../../../arm-atollic-eabi/lib/armv7e-m/fpu\libc_nano.a(lib_a-memcpy-stub.o)
                              Src\usb_device.o (memcpy)
c:/program files (x86)/atollic/truestudio for stm32 9.0.0/armtools/bin/../lib/gcc/arm-atollic-eabi/6.3.1/armv7e-m/fpu\libgcc.a(_aeabi_uldivmod.o)
                              Drivers\STM32L4xx_HAL_Driver\Src\stm32l4xx_hal_uart.o (__aeabi_uldivmod)
c:/program files (x86)/atollic/truestudio for stm32 9.0.0/armtools/bin/../lib/gcc/arm-atollic-eabi/6.3.1/armv7e-m/fpu\libgcc.a(_udivmoddi4.o)
                              c:/program files (x86)/atollic/truestudio for stm32 9.0.0/armtools/bin/../lib/gcc/arm-atollic-eabi/6.3.1/armv7e-m/fpu\libgcc.a(_aeabi_uldivmod.o) (__udivmoddi4)
c:/program files (x86)/atollic/truestudio for stm32 9.0.0/armtools/bin/../lib/gcc/arm-atollic-eabi/6.3.1/armv7e-m/fpu\libgcc.a(_dvmd_tls.o)
                              c:/program files (x86)/atollic/truestudio for stm32 9.0.0/armtools/bin/../lib/gcc/arm-atollic-eabi/6.3.1/armv7e-m/fpu\libgcc.a(_aeabi_uldivmod.o) (__aeabi_ldiv0)

Allocating common symbols
Common symbol       size              file

UID_bytes           0x8               Src\main.o
hUsbDeviceFS        0x29c             Src\usb_device.o
hdma_usart2_rx      0x48              Src\usart.o
hspi2               0x64              Src\spi.o
hdma_usart3_rx      0x48              Src\usart.o
huart3              0x78              Src\usart.o
hi2c1               0x4c              Src\i2c.o
hpcd_USB_OTG_FS     0x408             Src\usbd_conf.o
hiwdg               0x10              Src\iwdg.o
uwTick              0x4               Drivers\STM32L4xx_HAL_Driver\Src\stm32l4xx_hal.o
hdma_usart3_tx      0x48              Src\usart.o
UserRxBufferFS      0x800             Src\usbd_cdc_if.o
hadc1               0x68              Src\adc.o
hdma_usart2_tx      0x48              Src\usart.o
UserTxBufferFS      0x800             Src\usbd_cdc_if.o
aRxBuffer           0x100             Src\main.o
huart2              0x78              Src\usart.o
hcan1               0x28              Src\can.o
USBD_StrDesc        0x200             Src\usbd_desc.o

Discarded input sections

 .text          0x00000000        0x0 c:/program files (x86)/atollic/truestudio for stm32 9.0.0/armtools/bin/../lib/gcc/arm-atollic-eabi/6.3.1/armv7e-m/fpu/crti.o
 .data          0x00000000        0x0 c:/program files (x86)/atollic/truestudio for stm32 9.0.0/armtools/bin/../lib/gcc/arm-atollic-eabi/6.3.1/armv7e-m/fpu/crti.o
 .bss           0x00000000        0x0 c:/program files (x86)/atollic/truestudio for stm32 9.0.0/armtools/bin/../lib/gcc/arm-atollic-eabi/6.3.1/armv7e-m/fpu/crti.o
 .data          0x00000000        0x4 c:/program files (x86)/atollic/truestudio for stm32 9.0.0/armtools/bin/../lib/gcc/arm-atollic-eabi/6.3.1/armv7e-m/fpu/crtbegin.o
 .text          0x00000000        0x0 Drivers\STM32L4xx_HAL_Driver\Src\stm32l4xx_hal.o
 .data          0x00000000        0x0 Drivers\STM32L4xx_HAL_Driver\Src\stm32l4xx_hal.o
 .bss           0x00000000        0x0 Drivers\STM32L4xx_HAL_Driver\Src\stm32l4xx_hal.o
 .text.HAL_DeInit
                0x00000000       0x58 Drivers\STM32L4xx_HAL_Driver\Src\stm32l4xx_hal.o
 .text.HAL_MspInit
                0x00000000        0xe Drivers\STM32L4xx_HAL_Driver\Src\stm32l4xx_hal.o
 .text.HAL_MspDeInit
                0x00000000        0xe Drivers\STM32L4xx_HAL_Driver\Src\stm32l4xx_hal.o
 .text.HAL_SuspendTick
                0x00000000       0x20 Drivers\STM32L4xx_HAL_Driver\Src\stm32l4xx_hal.o
 .text.HAL_ResumeTick
                0x00000000       0x20 Drivers\STM32L4xx_HAL_Driver\Src\stm32l4xx_hal.o
 .text.HAL_GetHalVersion
                0x00000000       0x14 Drivers\STM32L4xx_HAL_Driver\Src\stm32l4xx_hal.o
 .text.HAL_GetREVID
                0x00000000       0x1c Drivers\STM32L4xx_HAL_Driver\Src\stm32l4xx_hal.o
 .text.HAL_GetDEVID
                0x00000000       0x1c Drivers\STM32L4xx_HAL_Driver\Src\stm32l4xx_hal.o
 .text.HAL_GetUIDw0
                0x00000000       0x18 Drivers\STM32L4xx_HAL_Driver\Src\stm32l4xx_hal.o
 .text.HAL_GetUIDw1
                0x00000000       0x18 Drivers\STM32L4xx_HAL_Driver\Src\stm32l4xx_hal.o
 .text.HAL_GetUIDw2
                0x00000000       0x18 Drivers\STM32L4xx_HAL_Driver\Src\stm32l4xx_hal.o
 .text.HAL_DBGMCU_EnableDBGSleepMode
                0x00000000       0x20 Drivers\STM32L4xx_HAL_Driver\Src\stm32l4xx_hal.o
 .text.HAL_DBGMCU_DisableDBGSleepMode
                0x00000000       0x20 Drivers\STM32L4xx_HAL_Driver\Src\stm32l4xx_hal.o
 .text.HAL_DBGMCU_EnableDBGStopMode
[...]
Memory Configuration

Name             Origin             Length             Attributes
RAM              0x20000000         0x00018000         xrw
RAM2             0x10000000         0x00008000         xrw
FLASH            0x08000000         0x00100000         xr
*default*        0x00000000         0xffffffff

Linker script and memory map

LOAD c:/program files (x86)/atollic/truestudio for stm32 9.0.0/armtools/bin/../lib/gcc/arm-atollic-eabi/6.3.1/armv7e-m/fpu/crti.o
LOAD c:/program files (x86)/atollic/truestudio for stm32 9.0.0/armtools/bin/../lib/gcc/arm-atollic-eabi/6.3.1/armv7e-m/fpu/crtbegin.o
LOAD Drivers\STM32L4xx_HAL_Driver\Src\stm32l4xx_hal.o
LOAD Drivers\STM32L4xx_HAL_Driver\Src\stm32l4xx_hal_adc.o
LOAD Drivers\STM32L4xx_HAL_Driver\Src\stm32l4xx_hal_adc_ex.o
LOAD Drivers\STM32L4xx_HAL_Driver\Src\stm32l4xx_hal_can.o
LOAD Drivers\STM32L4xx_HAL_Driver\Src\stm32l4xx_hal_cortex.o
LOAD Drivers\STM32L4xx_HAL_Driver\Src\stm32l4xx_hal_dma.o
LOAD Drivers\STM32L4xx_HAL_Driver\Src\stm32l4xx_hal_dma_ex.o
LOAD Drivers\STM32L4xx_HAL_Driver\Src\stm32l4xx_hal_flash.o
LOAD Drivers\STM32L4xx_HAL_Driver\Src\stm32l4xx_hal_flash_ex.o
LOAD Drivers\STM32L4xx_HAL_Driver\Src\stm32l4xx_hal_flash_ramfunc.o
LOAD Drivers\STM32L4xx_HAL_Driver\Src\stm32l4xx_hal_gpio.o
LOAD Drivers\STM32L4xx_HAL_Driver\Src\stm32l4xx_hal_i2c.o
LOAD Drivers\STM32L4xx_HAL_Driver\Src\stm32l4xx_hal_i2c_ex.o
LOAD Drivers\STM32L4xx_HAL_Driver\Src\stm32l4xx_hal_iwdg.o
LOAD Drivers\STM32L4xx_HAL_Driver\Src\stm32l4xx_hal_pcd.o
LOAD Drivers\STM32L4xx_HAL_Driver\Src\stm32l4xx_hal_pcd_ex.o
LOAD Drivers\STM32L4xx_HAL_Driver\Src\stm32l4xx_hal_pwr.o
LOAD Drivers\STM32L4xx_HAL_Driver\Src\stm32l4xx_hal_pwr_ex.o
LOAD Drivers\STM32L4xx_HAL_Driver\Src\stm32l4xx_hal_rcc.o
LOAD Drivers\STM32L4xx_HAL_Driver\Src\stm32l4xx_hal_rcc_ex.o
LOAD Drivers\STM32L4xx_HAL_Driver\Src\stm32l4xx_hal_spi.o
LOAD Drivers\STM32L4xx_HAL_Driver\Src\stm32l4xx_hal_spi_ex.o
LOAD Drivers\STM32L4xx_HAL_Driver\Src\stm32l4xx_hal_tim.o
LOAD Drivers\STM32L4xx_HAL_Driver\Src\stm32l4xx_hal_tim_ex.o
LOAD Drivers\STM32L4xx_HAL_Driver\Src\stm32l4xx_hal_uart.o
LOAD Drivers\STM32L4xx_HAL_Driver\Src\stm32l4xx_hal_uart_ex.o
LOAD Drivers\STM32L4xx_HAL_Driver\Src\stm32l4xx_ll_usb.o
LOAD Middlewares\ST\STM32_USB_Device_Library\Class\CDC\Src\usbd_cdc.o
LOAD Middlewares\ST\STM32_USB_Device_Library\Core\Src\usbd_core.o
LOAD Middlewares\ST\STM32_USB_Device_Library\Core\Src\usbd_ctlreq.o
LOAD Middlewares\ST\STM32_USB_Device_Library\Core\Src\usbd_ioreq.o
LOAD Src\M24LR64.o
LOAD Src\adc.o
LOAD Src\can.o
LOAD Src\dma.o
LOAD Src\gpio.o
LOAD Src\i2c.o
LOAD Src\iwdg.o
LOAD Src\main.o
LOAD Src\spi.o
LOAD Src\stm32l4xx_hal_msp.o
LOAD Src\stm32l4xx_it.o
LOAD Src\system_stm32l4xx.o
LOAD Src\usart.o
LOAD Src\usb_device.o
LOAD Src\usbd_cdc_if.o
LOAD Src\usbd_conf.o
LOAD Src\usbd_desc.o
LOAD startup\startup_stm32l476xx.o
                0x00000080                malloc_getpagesize_P = 0x80
START GROUP
LOAD c:/program files (x86)/atollic/truestudio for stm32 9.0.0/armtools/bin/../lib/gcc/arm-atollic-eabi/6.3.1/../../../../arm-atollic-eabi/lib/armv7e-m/fpu\libc_nano.a
LOAD c:/program files (x86)/atollic/truestudio for stm32 9.0.0/armtools/bin/../lib/gcc/arm-atollic-eabi/6.3.1/../../../../arm-atollic-eabi/lib/armv7e-m/fpu\libm.a
END GROUP
START GROUP
LOAD c:/program files (x86)/atollic/truestudio for stm32 9.0.0/armtools/bin/../lib/gcc/arm-atollic-eabi/6.3.1/armv7e-m/fpu\libgcc.a
LOAD c:/program files (x86)/atollic/truestudio for stm32 9.0.0/armtools/bin/../lib/gcc/arm-atollic-eabi/6.3.1/../../../../arm-atollic-eabi/lib/armv7e-m/fpu\libc_nano.a
END GROUP
START GROUP
LOAD c:/program files (x86)/atollic/truestudio for stm32 9.0.0/armtools/bin/../lib/gcc/arm-atollic-eabi/6.3.1/armv7e-m/fpu\libgcc.a
LOAD c:/program files (x86)/atollic/truestudio for stm32 9.0.0/armtools/bin/../lib/gcc/arm-atollic-eabi/6.3.1/../../../../arm-atollic-eabi/lib/armv7e-m/fpu\libc_nano.a
LOAD c:/program files (x86)/atollic/truestudio for stm32 9.0.0/armtools/bin/../lib/gcc/arm-atollic-eabi/6.3.1/../../../../arm-atollic-eabi/lib/armv7e-m/fpu\libnosys.a
END GROUP
START GROUP
LOAD c:/program files (x86)/atollic/truestudio for stm32 9.0.0/armtools/bin/../lib/gcc/arm-atollic-eabi/6.3.1/armv7e-m/fpu\libgcc.a
LOAD c:/program files (x86)/atollic/truestudio for stm32 9.0.0/armtools/bin/../lib/gcc/arm-atollic-eabi/6.3.1/../../../../arm-atollic-eabi/lib/armv7e-m/fpu\libc_nano.a
LOAD c:/program files (x86)/atollic/truestudio for stm32 9.0.0/armtools/bin/../lib/gcc/arm-atollic-eabi/6.3.1/../../../../arm-atollic-eabi/lib/armv7e-m/fpu\libnosys.a
END GROUP
LOAD c:/program files (x86)/atollic/truestudio for stm32 9.0.0/armtools/bin/../lib/gcc/arm-atollic-eabi/6.3.1/armv7e-m/fpu/crtend.o
LOAD c:/program files (x86)/atollic/truestudio for stm32 9.0.0/armtools/bin/../lib/gcc/arm-atollic-eabi/6.3.1/armv7e-m/fpu/crtn.o
                0x20018000                _estack = 0x20018000
                0x00000200                _Min_Heap_Size = 0x200
                0x00000400                _Min_Stack_Size = 0x400

.isr_vector     0x08000000      0x188
                0x08000000                . = ALIGN (0x4)
 *(.isr_vector)
 .isr_vector    0x08000000      0x188 startup\startup_stm32l476xx.o
                0x08000000                g_pfnVectors
                0x08000188                . = ALIGN (0x4)

.text           0x08000188     0xa054
                0x08000188                . = ALIGN (0x4)
 *(.text)
 .text          0x08000188       0x40 c:/program files (x86)/atollic/truestudio for stm32 9.0.0/armtools/bin/../lib/gcc/arm-atollic-eabi/6.3.1/armv7e-m/fpu/crtbegin.o
 .text          0x080001c8       0x30 c:/program files (x86)/atollic/truestudio for stm32 9.0.0/armtools/bin/../lib/gcc/arm-atollic-eabi/6.3.1/armv7e-m/fpu\libgcc.a(_aeabi_uldivmod.o)
                0x080001c8                __aeabi_uldivmod
 .text          0x080001f8      0x2dc c:/program files (x86)/atollic/truestudio for stm32 9.0.0/armtools/bin/../lib/gcc/arm-atollic-eabi/6.3.1/armv7e-m/fpu\libgcc.a(_udivmoddi4.o)
                0x080001f8                __udivmoddi4
 .text          0x080004d4        0x4 c:/program files (x86)/atollic/truestudio for stm32 9.0.0/armtools/bin/../lib/gcc/arm-atollic-eabi/6.3.1/armv7e-m/fpu\libgcc.a(_dvmd_tls.o)
                0x080004d4                __aeabi_idiv0
                0x080004d4                __aeabi_ldiv0
 *(.text*)
 .text.HAL_Init
                0x080004d8       0x1a Drivers\STM32L4xx_HAL_Driver\Src\stm32l4xx_hal.o
                0x080004d8                HAL_Init
 *fill*         0x080004f2        0x2 
 .text.HAL_InitTick
                0x080004f4       0x38 Drivers\STM32L4xx_HAL_Driver\Src\stm32l4xx_hal.o
                0x080004f4                HAL_InitTick
 .text.HAL_IncTick
                0x0800052c       0x1c Drivers\STM32L4xx_HAL_Driver\Src\stm32l4xx_hal.o
                0x0800052c                HAL_IncTick
 .text.HAL_GetTick
                0x08000548       0x18 Drivers\STM32L4xx_HAL_Driver\Src\stm32l4xx_hal.o
                0x08000548                HAL_GetTick
 .text.HAL_Delay
                0x08000560       0x3a Drivers\STM32L4xx_HAL_Driver\Src\stm32l4xx_hal.o
                0x08000560                HAL_Delay
 .text.LL_ADC_SetCommonClock
                0x0800059a       0x26 Drivers\STM32L4xx_HAL_Driver\Src\stm32l4xx_hal_adc.o
 .text.LL_ADC_SetCommonPathInternalCh
                0x080005c0       0x26 Drivers\STM32L4xx_HAL_Driver\Src\stm32l4xx_hal_adc.o
 .text.LL_ADC_GetCommonPathInternalCh
                0x080005e6       0x1c Drivers\STM32L4xx_HAL_Driver\Src\stm32l4xx_hal_adc.o
 *fill*         0x08000602        0x2 
 .text.LL_ADC_SetOffset
                0x08000604       0x44 Drivers\STM32L4xx_HAL_Driver\Src\stm32l4xx_hal_adc.o
 .text.LL_ADC_GetOffsetChannel
                0x08000648       0x28 Drivers\STM32L4xx_HAL_Driver\Src\stm32l4xx_hal_adc.o
 .text.LL_ADC_SetOffsetState
                0x08000670       0x30 Drivers\STM32L4xx_HAL_Driver\Src\stm32l4xx_hal_adc.o
 .text.LL_ADC_REG_SetSequencerRanks
                0x080006a0       0x68 Drivers\STM32L4xx_HAL_Driver\Src\stm32l4xx_hal_adc.o
 .text.LL_ADC_SetChannelSamplingTime
                0x08000708       0x92 Drivers\STM32L4xx_HAL_Driver\Src\stm32l4xx_hal_adc.o
 *fill*         0x0800079a        0x2 
 .text.LL_ADC_SetChannelSingleDiff
                0x0800079c       0x48 Drivers\STM32L4xx_HAL_Driver\Src\stm32l4xx_hal_adc.o
 .text.LL_ADC_DisableDeepPowerDown
                0x080007e4       0x24 Drivers\STM32L4xx_HAL_Driver\Src\stm32l4xx_hal_adc.o
 .text.LL_ADC_IsDeepPowerDownEnabled
                0x08000808       0x28 Drivers\STM32L4xx_HAL_Driver\Src\stm32l4xx_hal_adc.o
 .text.LL_ADC_EnableInternalRegulator
                0x08000830       0x28 Drivers\STM32L4xx_HAL_Driver\Src\stm32l4xx_hal_adc.o
 .text.LL_ADC_IsInternalRegulatorEnabled
                0x08000858       0x28 Drivers\STM32L4xx_HAL_Driver\Src\stm32l4xx_hal_adc.o
 .text.LL_ADC_REG_IsConversionOngoing
                0x08000880       0x26 Drivers\STM32L4xx_HAL_Driver\Src\stm32l4xx_hal_adc.o
 *fill*         0x080008a6        0x2 
 .text.HAL_ADC_Init
                0x080008a8      0x378 Drivers\STM32L4xx_HAL_Driver\Src\stm32l4xx_hal_adc.o
                0x080008a8                HAL_ADC_Init
 .text.HAL_ADC_ConfigChannel
                0x08000c20      0x698 Drivers\STM32L4xx_HAL_Driver\Src\stm32l4xx_hal_adc.o
                0x08000c20                HAL_ADC_ConfigChannel
 .text.LL_ADC_REG_IsConversionOngoing
                0x080012b8       0x26 Drivers\STM32L4xx_HAL_Driver\Src\stm32l4xx_hal_adc_ex.o
 *fill*         0x080012de        0x2 
 .text.HAL_ADCEx_MultiModeConfigChannel
                0x080012e0      0x1a0 Drivers\STM32L4xx_HAL_Driver\Src\stm32l4xx_hal_adc_ex.o
                0x080012e0                HAL_ADCEx_MultiModeConfigChannel
 .text.HAL_CAN_Init
                0x08001480      0x1f4 Drivers\STM32L4xx_HAL_Driver\Src\stm32l4xx_hal_can.o
                0x08001480                HAL_CAN_Init
 .text.NVIC_SetPriorityGrouping
                0x08001674       0x48 Drivers\STM32L4xx_HAL_Driver\Src\stm32l4xx_hal_cortex.o
 .text.NVIC_GetPriorityGrouping
                0x080016bc       0x1c Drivers\STM32L4xx_HAL_Driver\Src\stm32l4xx_hal_cortex.o
 .text.NVIC_EnableIRQ
                0x080016d8       0x34 Drivers\STM32L4xx_HAL_Driver\Src\stm32l4xx_hal_cortex.o
 .text.NVIC_SetPriority
                0x0800170c       0x54 Drivers\STM32L4xx_HAL_Driver\Src\stm32l4xx_hal_cortex.o
 .text.NVIC_EncodePriority
                0x08001760       0x62 Drivers\STM32L4xx_HAL_Driver\Src\stm32l4xx_hal_cortex.o
 *fill*         0x080017c2        0x2 
 .text.SysTick_Config
                0x080017c4       0x44 Drivers\STM32L4xx_HAL_Driver\Src\stm32l4xx_hal_cortex.o
 .text.HAL_NVIC_SetPriorityGrouping
                0x08001808       0x16 Drivers\STM32L4xx_HAL_Driver\Src\stm32l4xx_hal_cortex.o
                0x08001808                HAL_NVIC_SetPriorityGrouping
 .text.HAL_NVIC_SetPriority
                0x0800181e       0x38 Drivers\STM32L4xx_HAL_Driver\Src\stm32l4xx_hal_cortex.o
                0x0800181e                HAL_NVIC_SetPriority
 .text.HAL_NVIC_EnableIRQ
                0x08001856       0x1c Drivers\STM32L4xx_HAL_Driver\Src\stm32l4xx_hal_cortex.o
                0x08001856                HAL_NVIC_EnableIRQ
 .text.HAL_SYSTICK_Config
                0x08001872       0x18 Drivers\STM32L4xx_HAL_Driver\Src\stm32l4xx_hal_cortex.o
                0x08001872                HAL_SYSTICK_Config
 *fill*         0x0800188a        0x2 
 .text.HAL_SYSTICK_CLKSourceConfig
                0x0800188c       0x38 Drivers\STM32L4xx_HAL_Driver\Src\stm32l4xx_hal_cortex.o
                0x0800188c                HAL_SYSTICK_CLKSourceConfig
 .text.HAL_SYSTICK_IRQHandler
                0x080018c4        0xc Drivers\STM32L4xx_HAL_Driver\Src\stm32l4xx_hal_cortex.o
                0x080018c4                HAL_SYSTICK_IRQHandler
 .text.HAL_SYSTICK_Callback
                0x080018d0        0xe Drivers\STM32L4xx_HAL_Driver\Src\stm32l4xx_hal_cortex.o
                0x080018d0                HAL_SYSTICK_Callback
 *fill*         0x080018de        0x2 
 .text.HAL_DMA_Init
                0x080018e0      0x170 Drivers\STM32L4xx_HAL_Driver\Src\stm32l4xx_hal_dma.o
                0x080018e0                HAL_DMA_Init
 .text.HAL_DMA_Start_IT
                0x08001a50       0xc0 Drivers\STM32L4xx_HAL_Driver\Src\stm32l4xx_hal_dma.o
                0x08001a50                HAL_DMA_Start_IT
 .text.HAL_DMA_IRQHandler
                0x08001b10      0x15e Drivers\STM32L4xx_HAL_Driver\Src\stm32l4xx_hal_dma.o
                0x08001b10                HAL_DMA_IRQHandler
 .text.DMA_SetConfig
                0x08001c6e       0x60 Drivers\STM32L4xx_HAL_Driver\Src\stm32l4xx_hal_dma.o
 *fill*         0x08001cce        0x2 
 .text.HAL_GPIO_Init
                0x08001cd0      0x358 Drivers\STM32L4xx_HAL_Driver\Src\stm32l4xx_hal_gpio.o
                0x08001cd0                HAL_GPIO_Init
 .text.HAL_GPIO_DeInit
                0x08002028      0x1f0 Drivers\STM32L4xx_HAL_Driver\Src\stm32l4xx_hal_gpio.o
                0x08002028                HAL_GPIO_DeInit
 .text.HAL_GPIO_WritePin
                0x08002218       0x30 Drivers\STM32L4xx_HAL_Driver\Src\stm32l4xx_hal_gpio.o
                0x08002218                HAL_GPIO_WritePin
 .text.HAL_I2C_Init
                0x08002248      0x124 Drivers\STM32L4xx_HAL_Driver\Src\stm32l4xx_hal_i2c.o
                0x08002248                HAL_I2C_Init
 .text.HAL_I2C_DeInit
                0x0800236c       0x66 Drivers\STM32L4xx_HAL_Driver\Src\stm32l4xx_hal_i2c.o
                0x0800236c                HAL_I2C_DeInit
 *fill*         0x080023d2        0x2 
 .text.HAL_I2C_Mem_Read
                0x080023d4      0x230 Drivers\STM32L4xx_HAL_Driver\Src\stm32l4xx_hal_i2c.o
                0x080023d4                HAL_I2C_Mem_Read
 .text.I2C_RequestMemoryRead
                0x08002604       0xa8 Drivers\STM32L4xx_HAL_Driver\Src\stm32l4xx_hal_i2c.o
 .text.I2C_Flush_TXDR
                0x080026ac       0x48 Drivers\STM32L4xx_HAL_Driver\Src\stm32l4xx_hal_i2c.o
 .text.I2C_WaitOnFlagUntilTimeout
                0x080026f4       0x80 Drivers\STM32L4xx_HAL_Driver\Src\stm32l4xx_hal_i2c.o
 .text.I2C_WaitOnTXISFlagUntilTimeout
                0x08002774       0x80 Drivers\STM32L4xx_HAL_Driver\Src\stm32l4xx_hal_i2c.o
 .text.I2C_WaitOnSTOPFlagUntilTimeout
                0x080027f4       0x78 Drivers\STM32L4xx_HAL_Driver\Src\stm32l4xx_hal_i2c.o
 .text.I2C_IsAcknowledgeFailed
                0x0800286c       0xcc Drivers\STM32L4xx_HAL_Driver\Src\stm32l4xx_hal_i2c.o
 .text.I2C_TransferConfig
                0x08002938       0x58 Drivers\STM32L4xx_HAL_Driver\Src\stm32l4xx_hal_i2c.o
 .text.HAL_I2CEx_ConfigAnalogFilter
                0x08002990       0x96 Drivers\STM32L4xx_HAL_Driver\Src\stm32l4xx_hal_i2c_ex.o
                0x08002990                HAL_I2CEx_ConfigAnalogFilter
 .text.HAL_I2CEx_ConfigDigitalFilter
                0x08002a26       0x98 Drivers\STM32L4xx_HAL_Driver\Src\stm32l4xx_hal_i2c_ex.o
                0x08002a26                HAL_I2CEx_ConfigDigitalFilter
 .text.HAL_PCD_Init
                0x08002abe      0x212 Drivers\STM32L4xx_HAL_Driver\Src\stm32l4xx_hal_pcd.o
                0x08002abe                HAL_PCD_Init
 .text.HAL_PCD_Start
                0x08002cd0       0x44 Drivers\STM32L4xx_HAL_Driver\Src\stm32l4xx_hal_pcd.o
                0x08002cd0                HAL_PCD_Start
 .text.HAL_PCD_IRQHandler
                0x08002d14      0x8c0 Drivers\STM32L4xx_HAL_Driver\Src\stm32l4xx_hal_pcd.o
                0x08002d14                HAL_PCD_IRQHandler
 .text.HAL_PCD_SetAddress
                0x080035d4       0x4a Drivers\STM32L4xx_HAL_Driver\Src\stm32l4xx_hal_pcd.o
                0x080035d4                HAL_PCD_SetAddress
 .text.HAL_PCD_EP_Open
                0x0800361e       0xd0 Drivers\STM32L4xx_HAL_Driver\Src\stm32l4xx_hal_pcd.o
                0x0800361e                HAL_PCD_EP_Open
 .text.HAL_PCD_EP_Close
                0x080036ee       0x94 Drivers\STM32L4xx_HAL_Driver\Src\stm32l4xx_hal_pcd.o
                0x080036ee                HAL_PCD_EP_Close
 .text.HAL_PCD_EP_Receive
                0x08003782       0x7c Drivers\STM32L4xx_HAL_Driver\Src\stm32l4xx_hal_pcd.o
                0x08003782                HAL_PCD_EP_Receive
 .text.HAL_PCD_EP_GetRxCount
                0x080037fe       0x32 Drivers\STM32L4xx_HAL_Driver\Src\stm32l4xx_hal_pcd.o
                0x080037fe                HAL_PCD_EP_GetRxCount
 .text.HAL_PCD_EP_Transmit
                0x08003830       0x7a Drivers\STM32L4xx_HAL_Driver\Src\stm32l4xx_hal_pcd.o
                0x08003830                HAL_PCD_EP_Transmit
 .text.HAL_PCD_EP_SetStall
                0x080038aa       0xc4 Drivers\STM32L4xx_HAL_Driver\Src\stm32l4xx_hal_pcd.o
                0x080038aa                HAL_PCD_EP_SetStall
 .text.HAL_PCD_EP_ClrStall
                0x0800396e       0xac Drivers\STM32L4xx_HAL_Driver\Src\stm32l4xx_hal_pcd.o
                0x0800396e                HAL_PCD_EP_ClrStall
 .text.PCD_WriteEmptyTxFifo
                0x08003a1a      0x10e Drivers\STM32L4xx_HAL_Driver\Src\stm32l4xx_hal_pcd.o
 .text.HAL_PCDEx_SetTxFiFo
                0x08003b28       0x8e Drivers\STM32L4xx_HAL_Driver\Src\stm32l4xx_hal_pcd_ex.o
                0x08003b28                HAL_PCDEx_SetTxFiFo
 .text.HAL_PCDEx_SetRxFiFo
                0x08003bb6       0x22 Drivers\STM32L4xx_HAL_Driver\Src\stm32l4xx_hal_pcd_ex.o
                0x08003bb6                HAL_PCDEx_SetRxFiFo
 .text.HAL_PCDEx_ActivateLPM
                0x08003bd8       0x48 Drivers\STM32L4xx_HAL_Driver\Src\stm32l4xx_hal_pcd_ex.o
                0x08003bd8                HAL_PCDEx_ActivateLPM
 .text.HAL_PCDEx_ActivateBCD
                0x08003c20       0x30 Drivers\STM32L4xx_HAL_Driver\Src\stm32l4xx_hal_pcd_ex.o
                0x08003c20                HAL_PCDEx_ActivateBCD
 .text.HAL_PWREx_GetVoltageRange
                0x08003c50       0x1c Drivers\STM32L4xx_HAL_Driver\Src\stm32l4xx_hal_pwr_ex.o
                0x08003c50                HAL_PWREx_GetVoltageRange
 .text.HAL_PWREx_ControlVoltageScaling
                0x08003c6c       0xac Drivers\STM32L4xx_HAL_Driver\Src\stm32l4xx_hal_pwr_ex.o
                0x08003c6c                HAL_PWREx_ControlVoltageScaling
 .text.HAL_PWREx_EnableVddUSB
                0x08003d18       0x20 Drivers\STM32L4xx_HAL_Driver\Src\stm32l4xx_hal_pwr_ex.o
                0x08003d18                HAL_PWREx_EnableVddUSB
 .text.HAL_RCC_OscConfig
                0x08003d38      0x6cc Drivers\STM32L4xx_HAL_Driver\Src\stm32l4xx_hal_rcc.o
                0x08003d38                HAL_RCC_OscConfig
 .text.HAL_RCC_ClockConfig
                0x08004404      0x1b4 Drivers\STM32L4xx_HAL_Driver\Src\stm32l4xx_hal_rcc.o
                0x08004404                HAL_RCC_ClockConfig
 .text.HAL_RCC_GetSysClockFreq
                0x080045b8      0x160 Drivers\STM32L4xx_HAL_Driver\Src\stm32l4xx_hal_rcc.o
                0x080045b8                HAL_RCC_GetSysClockFreq
 .text.HAL_RCC_GetHCLKFreq
                0x08004718       0x18 Drivers\STM32L4xx_HAL_Driver\Src\stm32l4xx_hal_rcc.o
                0x08004718                HAL_RCC_GetHCLKFreq
 .text.HAL_RCC_GetPCLK1Freq
                0x08004730       0x28 Drivers\STM32L4xx_HAL_Driver\Src\stm32l4xx_hal_rcc.o
                0x08004730                HAL_RCC_GetPCLK1Freq
 .text.HAL_RCC_GetPCLK2Freq
                0x08004758       0x28 Drivers\STM32L4xx_HAL_Driver\Src\stm32l4xx_hal_rcc.o
                0x08004758                HAL_RCC_GetPCLK2Freq
 .text.RCC_SetFlashLatencyFromMSIRange
                0x08004780       0xc4 Drivers\STM32L4xx_HAL_Driver\Src\stm32l4xx_hal_rcc.o
 .text.HAL_RCCEx_PeriphCLKConfig
                0x08004844      0x5c8 Drivers\STM32L4xx_HAL_Driver\Src\stm32l4xx_hal_rcc_ex.o
                0x08004844                HAL_RCCEx_PeriphCLKConfig
 .text.RCCEx_PLLSAI1_Config
                0x08004e0c      0x1e4 Drivers\STM32L4xx_HAL_Driver\Src\stm32l4xx_hal_rcc_ex.o
 .text.RCCEx_PLLSAI2_Config
                0x08004ff0      0x1b8 Drivers\STM32L4xx_HAL_Driver\Src\stm32l4xx_hal_rcc_ex.o
 .text.HAL_SPI_Init
                0x080051a8      0x110 Drivers\STM32L4xx_HAL_Driver\Src\stm32l4xx_hal_spi.o
                0x080051a8                HAL_SPI_Init
 .text.HAL_UART_Init
                0x080052b8       0xa2 Drivers\STM32L4xx_HAL_Driver\Src\stm32l4xx_hal_uart.o
                0x080052b8                HAL_UART_Init
 *fill*         0x0800535a        0x2 
 .text.HAL_UART_Transmit_DMA
                0x0800535c       0xd8 Drivers\STM32L4xx_HAL_Driver\Src\stm32l4xx_hal_uart.o
                0x0800535c                HAL_UART_Transmit_DMA
 .text.HAL_UART_Receive_DMA
                0x08005434       0xe8 Drivers\STM32L4xx_HAL_Driver\Src\stm32l4xx_hal_uart.o
                0x08005434                HAL_UART_Receive_DMA
 .text.HAL_UART_TxCpltCallback
                0x0800551c       0x14 Drivers\STM32L4xx_HAL_Driver\Src\stm32l4xx_hal_uart.o
                0x0800551c                HAL_UART_TxCpltCallback
 .text.HAL_UART_TxHalfCpltCallback
                0x08005530       0x14 Drivers\STM32L4xx_HAL_Driver\Src\stm32l4xx_hal_uart.o
                0x08005530                HAL_UART_TxHalfCpltCallback
 .text.HAL_UART_RxCpltCallback
                0x08005544       0x14 Drivers\STM32L4xx_HAL_Driver\Src\stm32l4xx_hal_uart.o
                0x08005544                HAL_UART_RxCpltCallback
 .text.HAL_UART_RxHalfCpltCallback
                0x08005558       0x14 Drivers\STM32L4xx_HAL_Driver\Src\stm32l4xx_hal_uart.o
                0x08005558                HAL_UART_RxHalfCpltCallback
 .text.HAL_UART_ErrorCallback
                0x0800556c       0x14 Drivers\STM32L4xx_HAL_Driver\Src\stm32l4xx_hal_uart.o
                0x0800556c                HAL_UART_ErrorCallback
 .text.UART_SetConfig
                0x08005580      0x67c Drivers\STM32L4xx_HAL_Driver\Src\stm32l4xx_hal_uart.o
                0x08005580                UART_SetConfig
 .text.UART_AdvFeatureConfig
                0x08005bfc      0x144 Drivers\STM32L4xx_HAL_Driver\Src\stm32l4xx_hal_uart.o
                0x08005bfc                UART_AdvFeatureConfig
 .text.UART_CheckIdleState
                0x08005d40       0x92 Drivers\STM32L4xx_HAL_Driver\Src\stm32l4xx_hal_uart.o
                0x08005d40                UART_CheckIdleState
 .text.UART_WaitOnFlagUntilTimeout
                0x08005dd2       0x94 Drivers\STM32L4xx_HAL_Driver\Src\stm32l4xx_hal_uart.o
                0x08005dd2                UART_WaitOnFlagUntilTimeout
 .text.UART_EndTxTransfer
                0x08005e66       0x2c Drivers\STM32L4xx_HAL_Driver\Src\stm32l4xx_hal_uart.o
 .text.UART_EndRxTransfer
                0x08005e92       0x42 Drivers\STM32L4xx_HAL_Driver\Src\stm32l4xx_hal_uart.o
 .text.UART_DMATransmitCplt
                0x08005ed4       0x54 Drivers\STM32L4xx_HAL_Driver\Src\stm32l4xx_hal_uart.o
 .text.UART_DMATxHalfCplt
                0x08005f28       0x1c Drivers\STM32L4xx_HAL_Driver\Src\stm32l4xx_hal_uart.o
 .text.UART_DMAReceiveCplt
                0x08005f44       0x6a Drivers\STM32L4xx_HAL_Driver\Src\stm32l4xx_hal_uart.o
 .text.UART_DMARxHalfCplt
                0x08005fae       0x1c Drivers\STM32L4xx_HAL_Driver\Src\stm32l4xx_hal_uart.o
 .text.UART_DMAError
                0x08005fca       0x78 Drivers\STM32L4xx_HAL_Driver\Src\stm32l4xx_hal_uart.o
 .text.USB_CoreInit
                0x08006042       0x84 Drivers\STM32L4xx_HAL_Driver\Src\stm32l4xx_ll_usb.o
                0x08006042                USB_CoreInit
 .text.USB_EnableGlobalInt
                0x080060c6       0x22 Drivers\STM32L4xx_HAL_Driver\Src\stm32l4xx_ll_usb.o
                0x080060c6                USB_EnableGlobalInt
 .text.USB_DisableGlobalInt
                0x080060e8       0x22 Drivers\STM32L4xx_HAL_Driver\Src\stm32l4xx_ll_usb.o
                0x080060e8                USB_DisableGlobalInt
 .text.USB_SetCurrentMode
                0x0800610a       0x54 Drivers\STM32L4xx_HAL_Driver\Src\stm32l4xx_ll_usb.o
                0x0800610a                USB_SetCurrentMode
 *fill*         0x0800615e        0x2 
 .text.USB_DevInit
                0x08006160      0x268 Drivers\STM32L4xx_HAL_Driver\Src\stm32l4xx_ll_usb.o
                0x08006160                USB_DevInit
 .text.USB_FlushTxFifo
                0x080063c8       0x4c Drivers\STM32L4xx_HAL_Driver\Src\stm32l4xx_ll_usb.o
                0x080063c8                USB_FlushTxFifo
 .text.USB_FlushRxFifo
                0x08006414       0x44 Drivers\STM32L4xx_HAL_Driver\Src\stm32l4xx_ll_usb.o
                0x08006414                USB_FlushRxFifo
 .text.USB_SetDevSpeed
                0x08006458       0x34 Drivers\STM32L4xx_HAL_Driver\Src\stm32l4xx_ll_usb.o
                0x08006458                USB_SetDevSpeed
 .text.USB_ActivateEndpoint
                0x0800648c      0x116 Drivers\STM32L4xx_HAL_Driver\Src\stm32l4xx_ll_usb.o
                0x0800648c                USB_ActivateEndpoint
 *fill*         0x080065a2        0x2 
 .text.USB_DeactivateEndpoint
                0x080065a4      0x110 Drivers\STM32L4xx_HAL_Driver\Src\stm32l4xx_ll_usb.o
                0x080065a4                USB_DeactivateEndpoint
 .text.USB_EPStartXfer
                0x080066b4      0x3f4 Drivers\STM32L4xx_HAL_Driver\Src\stm32l4xx_ll_usb.o
                0x080066b4                USB_EPStartXfer
 .text.USB_EP0StartXfer
                0x08006aa8      0x258 Drivers\STM32L4xx_HAL_Driver\Src\stm32l4xx_ll_usb.o
                0x08006aa8                USB_EP0StartXfer
 .text.USB_WritePacket
                0x08006d00       0x62 Drivers\STM32L4xx_HAL_Driver\Src\stm32l4xx_ll_usb.o
                0x08006d00                USB_WritePacket
 .text.USB_ReadPacket
                0x08006d62       0x52 Drivers\STM32L4xx_HAL_Driver\Src\stm32l4xx_ll_usb.o
                0x08006d62                USB_ReadPacket
 .text.USB_EPSetStall
                0x08006db4       0xe4 Drivers\STM32L4xx_HAL_Driver\Src\stm32l4xx_ll_usb.o
                0x08006db4                USB_EPSetStall
 .text.USB_EPClearStall
                0x08006e98       0xd4 Drivers\STM32L4xx_HAL_Driver\Src\stm32l4xx_ll_usb.o
                0x08006e98                USB_EPClearStall
 .text.USB_SetDevAddress
                0x08006f6c       0x50 Drivers\STM32L4xx_HAL_Driver\Src\stm32l4xx_ll_usb.o
                0x08006f6c                USB_SetDevAddress
 .text.USB_DevConnect
                0x08006fbc       0x32 Drivers\STM32L4xx_HAL_Driver\Src\stm32l4xx_ll_usb.o
                0x08006fbc                USB_DevConnect
 .text.USB_DevDisconnect
                0x08006fee       0x32 Drivers\STM32L4xx_HAL_Driver\Src\stm32l4xx_ll_usb.o
                0x08006fee                USB_DevDisconnect
 .text.USB_ReadInterrupts
                0x08007020       0x26 Drivers\STM32L4xx_HAL_Driver\Src\stm32l4xx_ll_usb.o
                0x08007020                USB_ReadInterrupts
 .text.USB_ReadDevAllOutEpInterrupt
                0x08007046       0x34 Drivers\STM32L4xx_HAL_Driver\Src\stm32l4xx_ll_usb.o
                0x08007046                USB_ReadDevAllOutEpInterrupt
 .text.USB_ReadDevAllInEpInterrupt
                0x0800707a       0x34 Drivers\STM32L4xx_HAL_Driver\Src\stm32l4xx_ll_usb.o
                0x0800707a                USB_ReadDevAllInEpInterrupt
 .text.USB_ReadDevOutEPInterrupt
                0x080070ae       0x3c Drivers\STM32L4xx_HAL_Driver\Src\stm32l4xx_ll_usb.o
                0x080070ae                USB_ReadDevOutEPInterrupt
 .text.USB_ReadDevInEPInterrupt
                0x080070ea       0x5c Drivers\STM32L4xx_HAL_Driver\Src\stm32l4xx_ll_usb.o
                0x080070ea                USB_ReadDevInEPInterrupt
 .text.USB_GetMode
                0x08007146       0x1c Drivers\STM32L4xx_HAL_Driver\Src\stm32l4xx_ll_usb.o
                0x08007146                USB_GetMode
 .text.USB_ActivateSetup
                0x08007162       0x70 Drivers\STM32L4xx_HAL_Driver\Src\stm32l4xx_ll_usb.o
                0x08007162                USB_ActivateSetup
 .text.USB_EP0_OutStart
                0x080071d2       0x6a Drivers\STM32L4xx_HAL_Driver\Src\stm32l4xx_ll_usb.o
                0x080071d2                USB_EP0_OutStart
 .text.USB_CoreReset
                0x0800723c       0x68 Drivers\STM32L4xx_HAL_Driver\Src\stm32l4xx_ll_usb.o
 .text.USBD_CDC_Init
                0x080072a4       0xf4 Middlewares\ST\STM32_USB_Device_Library\Class\CDC\Src\usbd_cdc.o
 .text.USBD_CDC_DeInit
                0x08007398       0x6e Middlewares\ST\STM32_USB_Device_Library\Class\CDC\Src\usbd_cdc.o
 .text.USBD_CDC_Setup
                0x08007406      0x140 Middlewares\ST\STM32_USB_Device_Library\Class\CDC\Src\usbd_cdc.o
 .text.USBD_CDC_DataIn
                0x08007546       0xa6 Middlewares\ST\STM32_USB_Device_Library\Class\CDC\Src\usbd_cdc.o
 .text.USBD_CDC_DataOut
                0x080075ec       0x56 Middlewares\ST\STM32_USB_Device_Library\Class\CDC\Src\usbd_cdc.o
 .text.USBD_CDC_EP0_RxReady
                0x08007642       0x50 Middlewares\ST\STM32_USB_Device_Library\Class\CDC\Src\usbd_cdc.o
 *fill*         0x08007692        0x2 
 .text.USBD_CDC_GetFSCfgDesc
                0x08007694       0x20 Middlewares\ST\STM32_USB_Device_Library\Class\CDC\Src\usbd_cdc.o
 .text.USBD_CDC_GetHSCfgDesc
                0x080076b4       0x20 Middlewares\ST\STM32_USB_Device_Library\Class\CDC\Src\usbd_cdc.o
 .text.USBD_CDC_GetOtherSpeedCfgDesc
                0x080076d4       0x20 Middlewares\ST\STM32_USB_Device_Library\Class\CDC\Src\usbd_cdc.o
 .text.USBD_CDC_GetDeviceQualifierDescriptor
                0x080076f4       0x20 Middlewares\ST\STM32_USB_Device_Library\Class\CDC\Src\usbd_cdc.o
                0x080076f4                USBD_CDC_GetDeviceQualifierDescriptor
 .text.USBD_CDC_RegisterInterface
                0x08007714       0x2e Middlewares\ST\STM32_USB_Device_Library\Class\CDC\Src\usbd_cdc.o
                0x08007714                USBD_CDC_RegisterInterface
 .text.USBD_CDC_SetTxBuffer
                0x08007742       0x34 Middlewares\ST\STM32_USB_Device_Library\Class\CDC\Src\usbd_cdc.o
                0x08007742                USBD_CDC_SetTxBuffer
 .text.USBD_CDC_SetRxBuffer
                0x08007776       0x28 Middlewares\ST\STM32_USB_Device_Library\Class\CDC\Src\usbd_cdc.o
                0x08007776                USBD_CDC_SetRxBuffer
 .text.USBD_CDC_ReceivePacket
                0x0800779e       0x54 Middlewares\ST\STM32_USB_Device_Library\Class\CDC\Src\usbd_cdc.o
                0x0800779e                USBD_CDC_ReceivePacket
 .text.USBD_Init
                0x080077f2       0x56 Middlewares\ST\STM32_USB_Device_Library\Core\Src\usbd_core.o
                0x080077f2                USBD_Init
 .text.USBD_RegisterClass
                0x08007848       0x34 Middlewares\ST\STM32_USB_Device_Library\Core\Src\usbd_core.o
                0x08007848                USBD_RegisterClass
 .text.USBD_Start
                0x0800787c       0x18 Middlewares\ST\STM32_USB_Device_Library\Core\Src\usbd_core.o
                0x0800787c                USBD_Start
 .text.USBD_RunTestMode
                0x08007894       0x16 Middlewares\ST\STM32_USB_Device_Library\Core\Src\usbd_core.o
                0x08007894                USBD_RunTestMode
 .text.USBD_SetClassConfig
                0x080078aa       0x3e Middlewares\ST\STM32_USB_Device_Library\Core\Src\usbd_core.o
                0x080078aa                USBD_SetClassConfig
 .text.USBD_ClrClassConfig
                0x080078e8       0x26 Middlewares\ST\STM32_USB_Device_Library\Core\Src\usbd_core.o
                0x080078e8                USBD_ClrClassConfig
 .text.USBD_LL_SetupStage
                0x0800790e       0x96 Middlewares\ST\STM32_USB_Device_Library\Core\Src\usbd_core.o
                0x0800790e                USBD_LL_SetupStage
 .text.USBD_LL_DataOutStage
                0x080079a4       0xda Middlewares\ST\STM32_USB_Device_Library\Core\Src\usbd_core.o
                0x080079a4                USBD_LL_DataOutStage
 .text.USBD_LL_DataInStage
                0x08007a7e      0x14a Middlewares\ST\STM32_USB_Device_Library\Core\Src\usbd_core.o
                0x08007a7e                USBD_LL_DataInStage
 .text.USBD_LL_Reset
                0x08007bc8       0x82 Middlewares\ST\STM32_USB_Device_Library\Core\Src\usbd_core.o
                0x08007bc8                USBD_LL_Reset
 .text.USBD_LL_SetSpeed
                0x08007c4a       0x20 Middlewares\ST\STM32_USB_Device_Library\Core\Src\usbd_core.o
                0x08007c4a                USBD_LL_SetSpeed
 .text.USBD_LL_Suspend
                0x08007c6a       0x2a Middlewares\ST\STM32_USB_Device_Library\Core\Src\usbd_core.o
                0x08007c6a                USBD_LL_Suspend
 .text.USBD_LL_Resume
                0x08007c94       0x22 Middlewares\ST\STM32_USB_Device_Library\Core\Src\usbd_core.o
                0x08007c94                USBD_LL_Resume
 .text.USBD_LL_SOF
                0x08007cb6       0x34 Middlewares\ST\STM32_USB_Device_Library\Core\Src\usbd_core.o
                0x08007cb6                USBD_LL_SOF
 .text.USBD_LL_IsoINIncomplete
                0x08007cea       0x1a Middlewares\ST\STM32_USB_Device_Library\Core\Src\usbd_core.o
                0x08007cea                USBD_LL_IsoINIncomplete
 .text.USBD_LL_IsoOUTIncomplete
                0x08007d04       0x1a Middlewares\ST\STM32_USB_Device_Library\Core\Src\usbd_core.o
                0x08007d04                USBD_LL_IsoOUTIncomplete
 .text.USBD_LL_DevConnected
                0x08007d1e       0x16 Middlewares\ST\STM32_USB_Device_Library\Core\Src\usbd_core.o
                0x08007d1e                USBD_LL_DevConnected
 .text.USBD_LL_DevDisconnected
                0x08007d34       0x2e Middlewares\ST\STM32_USB_Device_Library\Core\Src\usbd_core.o
                0x08007d34                USBD_LL_DevDisconnected
 *fill*         0x08007d62        0x2 
 .text.USBD_StdDevReq
                0x08007d64       0xd4 Middlewares\ST\STM32_USB_Device_Library\Core\Src\usbd_ctlreq.o
                0x08007d64                USBD_StdDevReq
 .text.USBD_StdItfReq
                0x08007e38       0x8c Middlewares\ST\STM32_USB_Device_Library\Core\Src\usbd_ctlreq.o
                0x08007e38                USBD_StdItfReq
 .text.USBD_StdEPReq
                0x08007ec4      0x2b6 Middlewares\ST\STM32_USB_Device_Library\Core\Src\usbd_ctlreq.o
                0x08007ec4                USBD_StdEPReq
 *fill*         0x0800817a        0x2 
 .text.USBD_GetDescriptor
                0x0800817c      0x22c Middlewares\ST\STM32_USB_Device_Library\Core\Src\usbd_ctlreq.o
 .text.USBD_SetAddress
                0x080083a8       0x84 Middlewares\ST\STM32_USB_Device_Library\Core\Src\usbd_ctlreq.o
 .text.USBD_SetConfig
                0x0800842c      0x11c Middlewares\ST\STM32_USB_Device_Library\Core\Src\usbd_ctlreq.o
 .text.USBD_GetConfig
                0x08008548       0x68 Middlewares\ST\STM32_USB_Device_Library\Core\Src\usbd_ctlreq.o
 .text.USBD_GetStatus
                0x080085b0       0x66 Middlewares\ST\STM32_USB_Device_Library\Core\Src\usbd_ctlreq.o
 .text.USBD_SetFeature
                0x08008616       0x28 Middlewares\ST\STM32_USB_Device_Library\Core\Src\usbd_ctlreq.o
 .text.USBD_ClrFeature
                0x0800863e       0x42 Middlewares\ST\STM32_USB_Device_Library\Core\Src\usbd_ctlreq.o
 .text.USBD_ParseSetupRequest
                0x08008680       0x7a Middlewares\ST\STM32_USB_Device_Library\Core\Src\usbd_ctlreq.o
                0x08008680                USBD_ParseSetupRequest
 .text.USBD_CtlError
                0x080086fa       0x22 Middlewares\ST\STM32_USB_Device_Library\Core\Src\usbd_ctlreq.o
                0x080086fa                USBD_CtlError
 .text.USBD_GetString
                0x0800871c       0x84 Middlewares\ST\STM32_USB_Device_Library\Core\Src\usbd_ctlreq.o
                0x0800871c                USBD_GetString
 .text.USBD_GetLen
                0x080087a0       0x30 Middlewares\ST\STM32_USB_Device_Library\Core\Src\usbd_ctlreq.o
 .text.USBD_CtlSendData
                0x080087d0       0x38 Middlewares\ST\STM32_USB_Device_Library\Core\Src\usbd_ioreq.o
                0x080087d0                USBD_CtlSendData
 .text.USBD_CtlContinueSendData
                0x08008808       0x24 Middlewares\ST\STM32_USB_Device_Library\Core\Src\usbd_ioreq.o
                0x08008808                USBD_CtlContinueSendData
 .text.USBD_CtlPrepareRx
                0x0800882c       0x3c Middlewares\ST\STM32_USB_Device_Library\Core\Src\usbd_ioreq.o
                0x0800882c                USBD_CtlPrepareRx
 .text.USBD_CtlContinueRx
                0x08008868       0x24 Middlewares\ST\STM32_USB_Device_Library\Core\Src\usbd_ioreq.o
                0x08008868                USBD_CtlContinueRx
 .text.USBD_CtlSendStatus
                0x0800888c       0x26 Middlewares\ST\STM32_USB_Device_Library\Core\Src\usbd_ioreq.o
                0x0800888c                USBD_CtlSendStatus
 .text.USBD_CtlReceiveStatus
                0x080088b2       0x26 Middlewares\ST\STM32_USB_Device_Library\Core\Src\usbd_ioreq.o
                0x080088b2                USBD_CtlReceiveStatus
 .text.RFID_Read_UID
                0x080088d8       0x40 Src\M24LR64.o
                0x080088d8                RFID_Read_UID
 .text.MX_ADC1_Init
                0x08008918       0xe0 Src\adc.o
                0x08008918                MX_ADC1_Init
 .text.HAL_ADC_MspInit
                0x080089f8       0x54 Src\adc.o
                0x080089f8                HAL_ADC_MspInit
 .text.MX_CAN1_Init
                0x08008a4c       0x70 Src\can.o
                0x08008a4c                MX_CAN1_Init
 .text.HAL_CAN_MspInit
                0x08008abc       0x60 Src\can.o
                0x08008abc                HAL_CAN_MspInit
 .text.MX_DMA_Init
                0x08008b1c       0x6c Src\dma.o
                0x08008b1c                MX_DMA_Init
 .text.MX_GPIO_Init
                0x08008b88      0x148 Src\gpio.o
                0x08008b88                MX_GPIO_Init
 .text.MX_I2C1_Init
                0x08008cd0       0x94 Src\i2c.o
                0x08008cd0                MX_I2C1_Init
 .text.HAL_I2C_MspInit
                0x08008d64       0x70 Src\i2c.o
                0x08008d64                HAL_I2C_MspInit
 .text.HAL_I2C_MspDeInit
                0x08008dd4       0x3c Src\i2c.o
                0x08008dd4                HAL_I2C_MspDeInit
 .text.main     0x08008e10       0xc4 Src\main.o
                0x08008e10                main
 .text.SystemClock_Config
                0x08008ed4      0x134 Src\main.o
                0x08008ed4                SystemClock_Config
 .text._Error_Handler
                0x08009008        0xc Src\main.o
                0x08009008                _Error_Handler
 .text.MX_SPI2_Init
                0x08009014       0x84 Src\spi.o
                0x08009014                MX_SPI2_Init
 .text.HAL_SPI_MspInit
                0x08009098       0x60 Src\spi.o
                0x08009098                HAL_SPI_MspInit
 .text.HAL_MspInit
                0x080090f8       0x9c Src\stm32l4xx_hal_msp.o
                0x080090f8                HAL_MspInit
 .text.NMI_Handler
                0x08009194        0xe Src\stm32l4xx_it.o
                0x08009194                NMI_Handler
 .text.HardFault_Handler
                0x080091a2        0x6 Src\stm32l4xx_it.o
                0x080091a2                HardFault_Handler
 .text.MemManage_Handler
                0x080091a8        0x6 Src\stm32l4xx_it.o
                0x080091a8                MemManage_Handler
 .text.BusFault_Handler
                0x080091ae        0x6 Src\stm32l4xx_it.o
                0x080091ae                BusFault_Handler
 .text.UsageFault_Handler
                0x080091b4        0x6 Src\stm32l4xx_it.o
                0x080091b4                UsageFault_Handler
 .text.SVC_Handler
                0x080091ba        0xe Src\stm32l4xx_it.o
                0x080091ba                SVC_Handler
 .text.DebugMon_Handler
                0x080091c8        0xe Src\stm32l4xx_it.o
                0x080091c8                DebugMon_Handler
 .text.PendSV_Handler
                0x080091d6        0xe Src\stm32l4xx_it.o
                0x080091d6                PendSV_Handler
 .text.SysTick_Handler
                0x080091e4       0x10 Src\stm32l4xx_it.o
                0x080091e4                SysTick_Handler
 .text.DMA1_Channel2_IRQHandler
                0x080091f4       0x14 Src\stm32l4xx_it.o
                0x080091f4                DMA1_Channel2_IRQHandler
 .text.DMA1_Channel3_IRQHandler
                0x08009208       0x14 Src\stm32l4xx_it.o
                0x08009208                DMA1_Channel3_IRQHandler
 .text.DMA1_Channel6_IRQHandler
                0x0800921c       0x14 Src\stm32l4xx_it.o
                0x0800921c                DMA1_Channel6_IRQHandler
 .text.DMA1_Channel7_IRQHandler
                0x08009230       0x14 Src\stm32l4xx_it.o
                0x08009230                DMA1_Channel7_IRQHandler
 .text.OTG_FS_IRQHandler
                0x08009244       0x14 Src\stm32l4xx_it.o
                0x08009244                OTG_FS_IRQHandler
 .text.SystemInit
                0x08009258       0x6c Src\system_stm32l4xx.o
                0x08009258                SystemInit
 .text.MX_USART2_UART_Init
                0x080092c4       0x68 Src\usart.o
                0x080092c4                MX_USART2_UART_Init
 .text.MX_USART3_UART_Init
                0x0800932c       0x68 Src\usart.o
                0x0800932c                MX_USART3_UART_Init
 .text.HAL_UART_MspInit
                0x08009394      0x250 Src\usart.o
                0x08009394                HAL_UART_MspInit
 .text.MX_USB_DEVICE_Init
                0x080095e4       0x44 Src\usb_device.o
                0x080095e4                MX_USB_DEVICE_Init
 .text.CDC_Init_FS
                0x08009628       0x28 Src\usbd_cdc_if.o
 .text.CDC_DeInit_FS
                0x08009650       0x10 Src\usbd_cdc_if.o
 .text.CDC_Control_FS
                0x08009660       0xbc Src\usbd_cdc_if.o
 .text.CDC_Receive_FS
                0x0800971c       0x28 Src\usbd_cdc_if.o
 .text.HAL_PCD_MspInit
                0x08009744       0xa4 Src\usbd_conf.o
                0x08009744                HAL_PCD_MspInit
 .text.HAL_PCD_SetupStageCallback
                0x080097e8       0x24 Src\usbd_conf.o
                0x080097e8                HAL_PCD_SetupStageCallback
 .text.HAL_PCD_DataOutStageCallback
                0x0800980c       0x36 Src\usbd_conf.o
                0x0800980c                HAL_PCD_DataOutStageCallback
 .text.HAL_PCD_DataInStageCallback
                0x08009842       0x34 Src\usbd_conf.o
                0x08009842                HAL_PCD_DataInStageCallback
 .text.HAL_PCD_SOFCallback
                0x08009876       0x1c Src\usbd_conf.o
                0x08009876                HAL_PCD_SOFCallback
 .text.HAL_PCD_ResetCallback
                0x08009892       0x44 Src\usbd_conf.o
                0x08009892                HAL_PCD_ResetCallback
 *fill*         0x080098d6        0x2 
 .text.HAL_PCD_SuspendCallback
                0x080098d8       0x50 Src\usbd_conf.o
                0x080098d8                HAL_PCD_SuspendCallback
 .text.HAL_PCD_ResumeCallback
                0x08009928       0x54 Src\usbd_conf.o
                0x08009928                HAL_PCD_ResumeCallback
 .text.HAL_PCD_ISOOUTIncompleteCallback
                0x0800997c       0x24 Src\usbd_conf.o
                0x0800997c                HAL_PCD_ISOOUTIncompleteCallback
 .text.HAL_PCD_ISOINIncompleteCallback
                0x080099a0       0x24 Src\usbd_conf.o
                0x080099a0                HAL_PCD_ISOINIncompleteCallback
 .text.HAL_PCD_ConnectCallback
                0x080099c4       0x1c Src\usbd_conf.o
                0x080099c4                HAL_PCD_ConnectCallback
 .text.HAL_PCD_DisconnectCallback
                0x080099e0       0x1c Src\usbd_conf.o
                0x080099e0                HAL_PCD_DisconnectCallback
 .text.USBD_LL_Init
                0x080099fc       0xa8 Src\usbd_conf.o
                0x080099fc                USBD_LL_Init
 .text.USBD_LL_Start
                0x08009aa4       0x64 Src\usbd_conf.o
                0x08009aa4                USBD_LL_Start
 .text.USBD_LL_OpenEP
                0x08009b08       0x7c Src\usbd_conf.o
                0x08009b08                USBD_LL_OpenEP
 .text.USBD_LL_CloseEP
                0x08009b84       0x6c Src\usbd_conf.o
                0x08009b84                USBD_LL_CloseEP
 .text.USBD_LL_StallEP
                0x08009bf0       0x6c Src\usbd_conf.o
                0x08009bf0                USBD_LL_StallEP
 .text.USBD_LL_ClearStallEP
                0x08009c5c       0x6c Src\usbd_conf.o
                0x08009c5c                USBD_LL_ClearStallEP
 .text.USBD_LL_IsStallEP
                0x08009cc8       0x58 Src\usbd_conf.o
                0x08009cc8                USBD_LL_IsStallEP
 .text.USBD_LL_SetUSBAddress
                0x08009d20       0x6c Src\usbd_conf.o
                0x08009d20                USBD_LL_SetUSBAddress
 .text.USBD_LL_Transmit
                0x08009d8c       0x74 Src\usbd_conf.o
                0x08009d8c                USBD_LL_Transmit
 .text.USBD_LL_PrepareReceive
                0x08009e00       0x74 Src\usbd_conf.o
                0x08009e00                USBD_LL_PrepareReceive
 .text.USBD_LL_GetRxDataSize
                0x08009e74       0x26 Src\usbd_conf.o
                0x08009e74                USBD_LL_GetRxDataSize
 *fill*         0x08009e9a        0x2 
 .text.HAL_PCDEx_LPM_Callback
                0x08009e9c       0xa0 Src\usbd_conf.o
                0x08009e9c                HAL_PCDEx_LPM_Callback
 .text.USBD_static_malloc
                0x08009f3c       0x1c Src\usbd_conf.o
                0x08009f3c                USBD_static_malloc
 .text.USBD_static_free
                0x08009f58       0x14 Src\usbd_conf.o
                0x08009f58                USBD_static_free
 .text.SystemClockConfig_Resume
                0x08009f6c        0xc Src\usbd_conf.o
 .text.USBD_LL_BatteryCharging
                0x08009f78       0x2a Src\usbd_conf.o
                0x08009f78                USBD_LL_BatteryCharging
 *fill*         0x08009fa2        0x2 
 .text.USBD_FS_DeviceDescriptor
                0x08009fa4       0x24 Src\usbd_desc.o
                0x08009fa4                USBD_FS_DeviceDescriptor
 .text.USBD_FS_LangIDStrDescriptor
                0x08009fc8       0x24 Src\usbd_desc.o
                0x08009fc8                USBD_FS_LangIDStrDescriptor
 .text.USBD_FS_ProductStrDescriptor
                0x08009fec       0x3c Src\usbd_desc.o
                0x08009fec                USBD_FS_ProductStrDescriptor
 .text.USBD_FS_ManufacturerStrDescriptor
                0x0800a028       0x28 Src\usbd_desc.o
                0x0800a028                USBD_FS_ManufacturerStrDescriptor
 .text.USBD_FS_SerialStrDescriptor
                0x0800a050       0x3c Src\usbd_desc.o
                0x0800a050                USBD_FS_SerialStrDescriptor
 .text.USBD_FS_ConfigStrDescriptor
                0x0800a08c       0x3c Src\usbd_desc.o
                0x0800a08c                USBD_FS_ConfigStrDescriptor
 .text.USBD_FS_InterfaceStrDescriptor
                0x0800a0c8       0x3c Src\usbd_desc.o
                0x0800a0c8                USBD_FS_InterfaceStrDescriptor
 .text.USBD_FS_USR_BOSDescriptor
                0x0800a104       0x24 Src\usbd_desc.o
                0x0800a104                USBD_FS_USR_BOSDescriptor
 .text.Reset_Handler
                0x0800a128       0x50 startup\startup_stm32l476xx.o
                0x0800a128                Reset_Handler
 .text.Default_Handler
                0x0800a178        0x2 startup\startup_stm32l476xx.o
                0x0800a178                RTC_Alarm_IRQHandler
                0x0800a178                EXTI2_IRQHandler
                0x0800a178                TIM8_TRG_COM_IRQHandler
                0x0800a178                TIM8_CC_IRQHandler
                0x0800a178                TIM1_CC_IRQHandler
                0x0800a178                TSC_IRQHandler
                0x0800a178                TAMP_STAMP_IRQHandler
                0x0800a178                EXTI3_IRQHandler
                0x0800a178                LPTIM2_IRQHandler
                0x0800a178                DFSDM1_FLT1_IRQHandler
                0x0800a178                I2C3_ER_IRQHandler
                0x0800a178                DFSDM1_FLT2_IRQHandler
                0x0800a178                EXTI0_IRQHandler
                0x0800a178                I2C2_EV_IRQHandler
                0x0800a178                CAN1_RX0_IRQHandler
                0x0800a178                FPU_IRQHandler
                0x0800a178                TIM1_UP_TIM16_IRQHandler
                0x0800a178                ADC1_2_IRQHandler
                0x0800a178                SPI1_IRQHandler
                0x0800a178                TIM6_DAC_IRQHandler
                0x0800a178                TIM8_UP_IRQHandler
                0x0800a178                DMA2_Channel2_IRQHandler
                0x0800a178                DMA1_Channel4_IRQHandler
                0x0800a178                SAI2_IRQHandler
                0x0800a178                DFSDM1_FLT3_IRQHandler
                0x0800a178                USART3_IRQHandler
                0x0800a178                CAN1_RX1_IRQHandler
                0x0800a178                LCD_IRQHandler
                0x0800a178                UART5_IRQHandler
                0x0800a178                ADC3_IRQHandler
                0x0800a178                TIM4_IRQHandler
                0x0800a178                DMA2_Channel1_IRQHandler
                0x0800a178                QUADSPI_IRQHandler
                0x0800a178                I2C1_EV_IRQHandler
                0x0800a178                UART4_IRQHandler
                0x0800a178                DMA2_Channel4_IRQHandler
                0x0800a178                TIM3_IRQHandler
                0x0800a178                RCC_IRQHandler
                0x0800a178                DMA1_Channel1_IRQHandler
                0x0800a178                Default_Handler
                0x0800a178                DMA2_Channel7_IRQHandler
                0x0800a178                EXTI15_10_IRQHandler
                0x0800a178                TIM7_IRQHandler
                0x0800a178                SDMMC1_IRQHandler
                0x0800a178                TIM5_IRQHandler
                0x0800a178                I2C3_EV_IRQHandler
                0x0800a178                EXTI9_5_IRQHandler
                0x0800a178                RTC_WKUP_IRQHandler
                0x0800a178                PVD_PVM_IRQHandler
                0x0800a178                SPI2_IRQHandler
                0x0800a178                CAN1_TX_IRQHandler
                0x0800a178                DMA2_Channel5_IRQHandler
                0x0800a178                DMA1_Channel5_IRQHandler
                0x0800a178                EXTI4_IRQHandler
                0x0800a178                RNG_IRQHandler
                0x0800a178                TIM1_TRG_COM_TIM17_IRQHandler
                0x0800a178                COMP_IRQHandler
                0x0800a178                WWDG_IRQHandler
                0x0800a178                LPUART1_IRQHandler
                0x0800a178                DMA2_Channel6_IRQHandler
                0x0800a178                TIM2_IRQHandler
                0x0800a178                EXTI1_IRQHandler
                0x0800a178                USART2_IRQHandler
                0x0800a178                DFSDM1_FLT0_IRQHandler
                0x0800a178                I2C2_ER_IRQHandler
                0x0800a178                TIM8_BRK_IRQHandler
                0x0800a178                CAN1_SCE_IRQHandler
                0x0800a178                FLASH_IRQHandler
                0x0800a178                USART1_IRQHandler
                0x0800a178                SPI3_IRQHandler
                0x0800a178                I2C1_ER_IRQHandler
                0x0800a178                FMC_IRQHandler
                0x0800a178                SWPMI1_IRQHandler
                0x0800a178                LPTIM1_IRQHandler
                0x0800a178                SAI1_IRQHandler
                0x0800a178                DMA2_Channel3_IRQHandler
                0x0800a178                TIM1_BRK_TIM15_IRQHandler
 *fill*         0x0800a17a        0x2 
 .text.__libc_init_array
                0x0800a17c       0x48 c:/program files (x86)/atollic/truestudio for stm32 9.0.0/armtools/bin/../lib/gcc/arm-atollic-eabi/6.3.1/../../../../arm-atollic-eabi/lib/armv7e-m/fpu\libc_nano.a(lib_a-init.o)
                0x0800a17c                __libc_init_array
 *(.glue_7)
 .glue_7        0x0800a1c4        0x0 linker stubs
 *(.glue_7t)
 .glue_7t       0x0800a1c4        0x0 linker stubs
 *(.eh_frame)
 .eh_frame      0x0800a1c4        0x0 c:/program files (x86)/atollic/truestudio for stm32 9.0.0/armtools/bin/../lib/gcc/arm-atollic-eabi/6.3.1/armv7e-m/fpu/crtbegin.o
 *(.init)
 .init          0x0800a1c4        0x4 c:/program files (x86)/atollic/truestudio for stm32 9.0.0/armtools/bin/../lib/gcc/arm-atollic-eabi/6.3.1/armv7e-m/fpu/crti.o
                0x0800a1c4                _init
 .init          0x0800a1c8        0x8 c:/program files (x86)/atollic/truestudio for stm32 9.0.0/armtools/bin/../lib/gcc/arm-atollic-eabi/6.3.1/armv7e-m/fpu/crtn.o
 *(.fini)
 .fini          0x0800a1d0        0x4 c:/program files (x86)/atollic/truestudio for stm32 9.0.0/armtools/bin/../lib/gcc/arm-atollic-eabi/6.3.1/armv7e-m/fpu/crti.o
                0x0800a1d0                _fini
 .fini          0x0800a1d4        0x8 c:/program files (x86)/atollic/truestudio for stm32 9.0.0/armtools/bin/../lib/gcc/arm-atollic-eabi/6.3.1/armv7e-m/fpu/crtn.o
                0x0800a1dc                . = ALIGN (0x4)
                0x0800a1dc                _etext = .

.vfp11_veneer   0x0800a1dc        0x0
 .vfp11_veneer  0x0800a1dc        0x0 linker stubs

.v4_bx          0x0800a1dc        0x0
 .v4_bx         0x0800a1dc        0x0 linker stubs

.iplt           0x0800a1dc        0x0
 .iplt          0x0800a1dc        0x0 c:/program files (x86)/atollic/truestudio for stm32 9.0.0/armtools/bin/../lib/gcc/arm-atollic-eabi/6.3.1/armv7e-m/fpu/crtbegin.o

.rodata         0x0800a1dc      0x114
                0x0800a1dc                . = ALIGN (0x4)
 *(.rodata)
 .rodata        0x0800a1dc        0xd Src\adc.o
 *fill*         0x0800a1e9        0x3 
 .rodata        0x0800a1ec        0xd Src\can.o
 *fill*         0x0800a1f9        0x3 
 .rodata        0x0800a1fc        0xd Src\i2c.o
 *fill*         0x0800a209        0x3 
 .rodata        0x0800a20c        0xe Src\main.o
 *fill*         0x0800a21a        0x2 
 .rodata        0x0800a21c        0xd Src\spi.o
 *fill*         0x0800a229        0x3 
 .rodata        0x0800a22c        0xf Src\usart.o
 *fill*         0x0800a23b        0x1 
 .rodata        0x0800a23c       0x13 Src\usbd_conf.o
 *fill*         0x0800a24f        0x1 
 .rodata        0x0800a250       0x56 Src\usbd_desc.o
 *(.rodata*)
 *fill*         0x0800a2a6        0x2 
 .rodata.AHBPrescTable
                0x0800a2a8       0x10 Src\system_stm32l4xx.o
                0x0800a2a8                AHBPrescTable
 .rodata.APBPrescTable
                0x0800a2b8        0x8 Src\system_stm32l4xx.o
                0x0800a2b8                APBPrescTable
 .rodata.MSIRangeTable
                0x0800a2c0       0x30 Src\system_stm32l4xx.o
                0x0800a2c0                MSIRangeTable
                0x0800a2f0                . = ALIGN (0x4)

.ARM.extab
 *(.ARM.extab* .gnu.linkonce.armextab.*)

.ARM            0x0800a2f0        0x8
                0x0800a2f0                __exidx_start = .
 *(.ARM.exidx*)
 .ARM.exidx     0x0800a2f0        0x8 c:/program files (x86)/atollic/truestudio for stm32 9.0.0/armtools/bin/../lib/gcc/arm-atollic-eabi/6.3.1/armv7e-m/fpu\libgcc.a(_udivmoddi4.o)
                0x0800a2f8                __exidx_end = .

.rel.dyn        0x0800a2f8        0x0
 .rel.iplt      0x0800a2f8        0x0 c:/program files (x86)/atollic/truestudio for stm32 9.0.0/armtools/bin/../lib/gcc/arm-atollic-eabi/6.3.1/armv7e-m/fpu/crtbegin.o

.preinit_array  0x0800a2f8        0x0
                0x0800a2f8                PROVIDE (__preinit_array_start, .)
 *(.preinit_array*)
                0x0800a2f8                PROVIDE (__preinit_array_end, .)

.init_array     0x0800a2f8        0x4
                0x0800a2f8                PROVIDE (__init_array_start, .)
 *(SORT(.init_array.*))
 *(.init_array*)
 .init_array    0x0800a2f8        0x4 c:/program files (x86)/atollic/truestudio for stm32 9.0.0/armtools/bin/../lib/gcc/arm-atollic-eabi/6.3.1/armv7e-m/fpu/crtbegin.o
                0x0800a2fc                PROVIDE (__init_array_end, .)

.fini_array     0x0800a2fc        0x4
                [!provide]                PROVIDE (__fini_array_start, .)
 *(SORT(.fini_array.*))
 *(.fini_array*)
 .fini_array    0x0800a2fc        0x4 c:/program files (x86)/atollic/truestudio for stm32 9.0.0/armtools/bin/../lib/gcc/arm-atollic-eabi/6.3.1/armv7e-m/fpu/crtbegin.o
                [!provide]                PROVIDE (__fini_array_end, .)
                0x0800a300                _sidata = LOADADDR (.data)

.data           0x20000000      0x178 load address 0x0800a300
                0x20000000                . = ALIGN (0x4)
                0x20000000                _sdata = .
 *(.data)
 *(.data*)
 .data.USBD_CDC_DeviceQualifierDesc
                0x20000000        0xa Middlewares\ST\STM32_USB_Device_Library\Class\CDC\Src\usbd_cdc.o
 *fill*         0x2000000a        0x2 
 .data.USBD_CDC
                0x2000000c       0x38 Middlewares\ST\STM32_USB_Device_Library\Class\CDC\Src\usbd_cdc.o
                0x2000000c                USBD_CDC
 .data.USBD_CDC_CfgHSDesc
                0x20000044       0x43 Middlewares\ST\STM32_USB_Device_Library\Class\CDC\Src\usbd_cdc.o
                0x20000044                USBD_CDC_CfgHSDesc
 *fill*         0x20000087        0x1 
 .data.USBD_CDC_CfgFSDesc
                0x20000088       0x43 Middlewares\ST\STM32_USB_Device_Library\Class\CDC\Src\usbd_cdc.o
                0x20000088                USBD_CDC_CfgFSDesc
 *fill*         0x200000cb        0x1 
 .data.USBD_CDC_OtherSpeedCfgDesc
                0x200000cc       0x43 Middlewares\ST\STM32_USB_Device_Library\Class\CDC\Src\usbd_cdc.o
                0x200000cc                USBD_CDC_OtherSpeedCfgDesc
 *fill*         0x2000010f        0x1 
 .data.aTxBuffer
                0x20000110        0xe Src\main.o
                0x20000110                aTxBuffer
 *fill*         0x2000011e        0x2 
 .data.SystemCoreClock
                0x20000120        0x4 Src\system_stm32l4xx.o
                0x20000120                SystemCoreClock
 .data.USBD_Interface_fops_FS
                0x20000124       0x10 Src\usbd_cdc_if.o
                0x20000124                USBD_Interface_fops_FS
 .data.FS_Desc  0x20000134       0x20 Src\usbd_desc.o
                0x20000134                FS_Desc
 .data.USBD_FS_DeviceDesc
                0x20000154       0x12 Src\usbd_desc.o
                0x20000154                USBD_FS_DeviceDesc
 *fill*         0x20000166        0x2 
 .data.USBD_FS_BOSDesc
                0x20000168        0xc Src\usbd_desc.o
                0x20000168                USBD_FS_BOSDesc
 .data.USBD_LangIDDesc
                0x20000174        0x4 Src\usbd_desc.o
                0x20000174                USBD_LangIDDesc
                0x20000178                . = ALIGN (0x4)
                0x20000178                _edata = .

.igot.plt       0x20000178        0x0 load address 0x0800a478
 .igot.plt      0x20000178        0x0 c:/program files (x86)/atollic/truestudio for stm32 9.0.0/armtools/bin/../lib/gcc/arm-atollic-eabi/6.3.1/armv7e-m/fpu/crtbegin.o
                0x20000178                . = ALIGN (0x4)

.bss            0x20000178     0x1f40 load address 0x0800a478
                0x20000178                _sbss = .
                0x20000178                __bss_start__ = _sbss
 *(.bss)
 .bss           0x20000178       0x1c c:/program files (x86)/atollic/truestudio for stm32 9.0.0/armtools/bin/../lib/gcc/arm-atollic-eabi/6.3.1/armv7e-m/fpu/crtbegin.o
 *(.bss*)
 .bss.cfgidx.11276
                0x20000194        0x1 Middlewares\ST\STM32_USB_Device_Library\Core\Src\usbd_ctlreq.o
 *fill*         0x20000195        0x3 
 .bss.mem.11428
                0x20000198      0x220 Src\usbd_conf.o
 *(COMMON)
 COMMON         0x200003b8        0x4 Drivers\STM32L4xx_HAL_Driver\Src\stm32l4xx_hal.o
                0x200003b8                uwTick
 COMMON         0x200003bc       0x68 Src\adc.o
                0x200003bc                hadc1
 COMMON         0x20000424       0x28 Src\can.o
                0x20000424                hcan1
 COMMON         0x2000044c       0x4c Src\i2c.o
                0x2000044c                hi2c1
 COMMON         0x20000498      0x108 Src\main.o
                0x20000498                UID_bytes
                0x200004a0                aRxBuffer
 COMMON         0x200005a0       0x64 Src\spi.o
                0x200005a0                hspi2
 COMMON         0x20000604      0x210 Src\usart.o
                0x20000604                hdma_usart2_rx
                0x2000064c                hdma_usart3_rx
                0x20000694                huart3
                0x2000070c                hdma_usart3_tx
                0x20000754                hdma_usart2_tx
                0x2000079c                huart2
 COMMON         0x20000814      0x29c Src\usb_device.o
                0x20000814                hUsbDeviceFS
 COMMON         0x20000ab0     0x1000 Src\usbd_cdc_if.o
                0x20000ab0                UserRxBufferFS
                0x200012b0                UserTxBufferFS
 COMMON         0x20001ab0      0x408 Src\usbd_conf.o
                0x20001ab0                hpcd_USB_OTG_FS
 COMMON         0x20001eb8      0x200 Src\usbd_desc.o
                0x20001eb8                USBD_StrDesc
                0x200020b8                . = ALIGN (0x4)
                0x200020b8                _ebss = .
                0x200020b8                __bss_end__ = _ebss

._user_heap_stack
                0x200020b8      0x600 load address 0x0800a478
                0x200020b8                . = ALIGN (0x4)
                [!provide]                PROVIDE (end, .)
                [!provide]                PROVIDE (_end, .)
                0x200022b8                . = (. + _Min_Heap_Size)
 *fill*         0x200020b8      0x200 
                0x200026b8                . = (. + _Min_Stack_Size)
 *fill*         0x200022b8      0x400 
                0x200026b8                . = ALIGN (0x4)

/DISCARD/
 libc.a(*)
 libm.a(*)
 libgcc.a(*)

.ARM.attributes
                0x00000000       0x30
 *(.ARM.attributes)
 .ARM.attributes
                0x00000000       0x22 c:/program files (x86)/atollic/truestudio for stm32 9.0.0/armtools/bin/../lib/gcc/arm-atollic-eabi/6.3.1/armv7e-m/fpu/crti.o
 .ARM.attributes
                0x00000022       0x34 c:/program files (x86)/atollic/truestudio for stm32 9.0.0/armtools/bin/../lib/gcc/arm-atollic-eabi/6.3.1/armv7e-m/fpu/crtbegin.o
 .ARM.attributes
                0x00000056       0x39 Drivers\STM32L4xx_HAL_Driver\Src\stm32l4xx_hal.o
 .ARM.attributes
                0x0000008f       0x39 Drivers\STM32L4xx_HAL_Driver\Src\stm32l4xx_hal_adc.o
 .ARM.attributes
                0x000000c8       0x39 Drivers\STM32L4xx_HAL_Driver\Src\stm32l4xx_hal_adc_ex.o
 .ARM.attributes
                0x00000101       0x39 Drivers\STM32L4xx_HAL_Driver\Src\stm32l4xx_hal_can.o
 .ARM.attributes
                0x0000013a       0x39 Drivers\STM32L4xx_HAL_Driver\Src\stm32l4xx_hal_cortex.o
 .ARM.attributes
                0x00000173       0x39 Drivers\STM32L4xx_HAL_Driver\Src\stm32l4xx_hal_dma.o
 .ARM.attributes
                0x000001ac       0x39 Drivers\STM32L4xx_HAL_Driver\Src\stm32l4xx_hal_gpio.o
 .ARM.attributes
                0x000001e5       0x39 Drivers\STM32L4xx_HAL_Driver\Src\stm32l4xx_hal_i2c.o
 .ARM.attributes
                0x0000021e       0x39 Drivers\STM32L4xx_HAL_Driver\Src\stm32l4xx_hal_i2c_ex.o
 .ARM.attributes
                0x00000257       0x39 Drivers\STM32L4xx_HAL_Driver\Src\stm32l4xx_hal_pcd.o
 .ARM.attributes
                0x00000290       0x39 Drivers\STM32L4xx_HAL_Driver\Src\stm32l4xx_hal_pcd_ex.o
 .ARM.attributes
                0x000002c9       0x39 Drivers\STM32L4xx_HAL_Driver\Src\stm32l4xx_hal_pwr_ex.o
 .ARM.attributes
                0x00000302       0x39 Drivers\STM32L4xx_HAL_Driver\Src\stm32l4xx_hal_rcc.o
 .ARM.attributes
                0x0000033b       0x39 Drivers\STM32L4xx_HAL_Driver\Src\stm32l4xx_hal_rcc_ex.o
 .ARM.attributes
                0x00000374       0x39 Drivers\STM32L4xx_HAL_Driver\Src\stm32l4xx_hal_spi.o
 .ARM.attributes
                0x000003ad       0x39 Drivers\STM32L4xx_HAL_Driver\Src\stm32l4xx_hal_uart.o
 .ARM.attributes
                0x000003e6       0x39 Drivers\STM32L4xx_HAL_Driver\Src\stm32l4xx_ll_usb.o
 .ARM.attributes
                0x0000041f       0x39 Middlewares\ST\STM32_USB_Device_Library\Class\CDC\Src\usbd_cdc.o
 .ARM.attributes
                0x00000458       0x39 Middlewares\ST\STM32_USB_Device_Library\Core\Src\usbd_core.o
 .ARM.attributes
                0x00000491       0x39 Middlewares\ST\STM32_USB_Device_Library\Core\Src\usbd_ctlreq.o
 .ARM.attributes
                0x000004ca       0x39 Middlewares\ST\STM32_USB_Device_Library\Core\Src\usbd_ioreq.o
 .ARM.attributes
                0x00000503       0x39 Src\M24LR64.o
 .ARM.attributes
                0x0000053c       0x39 Src\adc.o
 .ARM.attributes
                0x00000575       0x39 Src\can.o
 .ARM.attributes
                0x000005ae       0x39 Src\dma.o
 .ARM.attributes
                0x000005e7       0x39 Src\gpio.o
 .ARM.attributes
                0x00000620       0x39 Src\i2c.o
 .ARM.attributes
                0x00000659       0x39 Src\main.o
 .ARM.attributes
                0x00000692       0x39 Src\spi.o
 .ARM.attributes
                0x000006cb       0x39 Src\stm32l4xx_hal_msp.o
 .ARM.attributes
                0x00000704       0x39 Src\stm32l4xx_it.o
 .ARM.attributes
                0x0000073d       0x39 Src\system_stm32l4xx.o
 .ARM.attributes
                0x00000776       0x39 Src\usart.o
 .ARM.attributes
                0x000007af       0x39 Src\usb_device.o
 .ARM.attributes
                0x000007e8       0x39 Src\usbd_cdc_if.o
 .ARM.attributes
                0x00000821       0x39 Src\usbd_conf.o
 .ARM.attributes
                0x0000085a       0x39 Src\usbd_desc.o
 .ARM.attributes
                0x00000893       0x21 startup\startup_stm32l476xx.o
 .ARM.attributes
                0x000008b4       0x34 c:/program files (x86)/atollic/truestudio for stm32 9.0.0/armtools/bin/../lib/gcc/arm-atollic-eabi/6.3.1/../../../../arm-atollic-eabi/lib/armv7e-m/fpu\libc_nano.a(lib_a-init.o)
 .ARM.attributes
                0x000008e8       0x22 c:/program files (x86)/atollic/truestudio for stm32 9.0.0/armtools/bin/../lib/gcc/arm-atollic-eabi/6.3.1/armv7e-m/fpu\libgcc.a(_aeabi_uldivmod.o)
 .ARM.attributes
                0x0000090a       0x34 c:/program files (x86)/atollic/truestudio for stm32 9.0.0/armtools/bin/../lib/gcc/arm-atollic-eabi/6.3.1/armv7e-m/fpu\libgcc.a(_udivmoddi4.o)
 .ARM.attributes
                0x0000093e       0x22 c:/program files (x86)/atollic/truestudio for stm32 9.0.0/armtools/bin/../lib/gcc/arm-atollic-eabi/6.3.1/armv7e-m/fpu\libgcc.a(_dvmd_tls.o)
 .ARM.attributes
                0x00000960       0x22 c:/program files (x86)/atollic/truestudio for stm32 9.0.0/armtools/bin/../lib/gcc/arm-atollic-eabi/6.3.1/armv7e-m/fpu/crtn.o
OUTPUT(Wifi.elf elf32-littlearm)

.debug_info     0x00000000    0x3152d
 .debug_info    0x00000000     0x1251 Drivers\STM32L4xx_HAL_Driver\Src\stm32l4xx_hal.o
 .debug_info    0x00001251     0x222c Drivers\STM32L4xx_HAL_Driver\Src\stm32l4xx_hal_adc.o
 .debug_info    0x0000347d     0x1daf Drivers\STM32L4xx_HAL_Driver\Src\stm32l4xx_hal_adc_ex.o
 .debug_info    0x0000522c     0x179e Drivers\STM32L4xx_HAL_Driver\Src\stm32l4xx_hal_can.o
 .debug_info    0x000069ca     0x160f Drivers\STM32L4xx_HAL_Driver\Src\stm32l4xx_hal_cortex.o
 .debug_info    0x00007fd9      0xfb9 Drivers\STM32L4xx_HAL_Driver\Src\stm32l4xx_hal_dma.o
 .debug_info    0x00008f92     0x1073 Drivers\STM32L4xx_HAL_Driver\Src\stm32l4xx_hal_gpio.o
 .debug_info    0x0000a005     0x2645 Drivers\STM32L4xx_HAL_Driver\Src\stm32l4xx_hal_i2c.o
 .debug_info    0x0000c64a     0x1239 Drivers\STM32L4xx_HAL_Driver\Src\stm32l4xx_hal_i2c_ex.o
 .debug_info    0x0000d883     0x1886 Drivers\STM32L4xx_HAL_Driver\Src\stm32l4xx_hal_pcd.o
 .debug_info    0x0000f109     0x1208 Drivers\STM32L4xx_HAL_Driver\Src\stm32l4xx_hal_pcd_ex.o
 .debug_info    0x00010311     0x1271 Drivers\STM32L4xx_HAL_Driver\Src\stm32l4xx_hal_pwr_ex.o
 .debug_info    0x00011582     0x137c Drivers\STM32L4xx_HAL_Driver\Src\stm32l4xx_hal_rcc.o
 .debug_info    0x000128fe     0x1564 Drivers\STM32L4xx_HAL_Driver\Src\stm32l4xx_hal_rcc_ex.o
 .debug_info    0x00013e62     0x1dc7 Drivers\STM32L4xx_HAL_Driver\Src\stm32l4xx_hal_spi.o
 .debug_info    0x00015c29     0x1e27 Drivers\STM32L4xx_HAL_Driver\Src\stm32l4xx_hal_uart.o
 .debug_info    0x00017a50     0x2027 Drivers\STM32L4xx_HAL_Driver\Src\stm32l4xx_ll_usb.o
 .debug_info    0x00019a77     0x17ed Middlewares\ST\STM32_USB_Device_Library\Class\CDC\Src\usbd_cdc.o
 .debug_info    0x0001b264     0x11c6 Middlewares\ST\STM32_USB_Device_Library\Core\Src\usbd_core.o
 .debug_info    0x0001c42a     0x1127 Middlewares\ST\STM32_USB_Device_Library\Core\Src\usbd_ctlreq.o
 .debug_info    0x0001d551      0xf24 Middlewares\ST\STM32_USB_Device_Library\Core\Src\usbd_ioreq.o
 .debug_info    0x0001e475     0x104e Src\M24LR64.o
 .debug_info    0x0001f4c3     0x13c2 Src\adc.o
 .debug_info    0x00020885     0x10e9 Src\can.o
 .debug_info    0x0002196e      0xdaf Src\dma.o
 .debug_info    0x0002271d      0xd3d Src\gpio.o
 .debug_info    0x0002345a     0x1439 Src\i2c.o
 .debug_info    0x00024893     0x27c9 Src\main.o
 .debug_info    0x0002705c     0x11c2 Src\spi.o
 .debug_info    0x0002821e      0xdcb Src\stm32l4xx_hal_msp.o
 .debug_info    0x00028fe9     0x1130 Src\stm32l4xx_it.o
 .debug_info    0x0002a119      0xdcf Src\system_stm32l4xx.o
 .debug_info    0x0002aee8     0x1326 Src\usart.o
 .debug_info    0x0002c20e     0x13bd Src\usb_device.o
 .debug_info    0x0002d5cb     0x102c Src\usbd_cdc_if.o
 .debug_info    0x0002e5f7     0x2217 Src\usbd_conf.o
 .debug_info    0x0003080e      0xc9b Src\usbd_desc.o
 .debug_info    0x000314a9       0x84 startup\startup_stm32l476xx.o

.debug_abbrev   0x00000000     0x5707
 .debug_abbrev  0x00000000      0x27a Drivers\STM32L4xx_HAL_Driver\Src\stm32l4xx_hal.o
 .debug_abbrev  0x0000027a      0x2b0 Drivers\STM32L4xx_HAL_Driver\Src\stm32l4xx_hal_adc.o
 .debug_abbrev  0x0000052a      0x2ec Drivers\STM32L4xx_HAL_Driver\Src\stm32l4xx_hal_adc_ex.o
 .debug_abbrev  0x00000816      0x29e Drivers\STM32L4xx_HAL_Driver\Src\stm32l4xx_hal_can.o
 .debug_abbrev  0x00000ab4      0x355 Drivers\STM32L4xx_HAL_Driver\Src\stm32l4xx_hal_cortex.o
 .debug_abbrev  0x00000e09      0x245 Drivers\STM32L4xx_HAL_Driver\Src\stm32l4xx_hal_dma.o
 .debug_abbrev  0x0000104e      0x24c Drivers\STM32L4xx_HAL_Driver\Src\stm32l4xx_hal_gpio.o
 .debug_abbrev  0x0000129a      0x28b Drivers\STM32L4xx_HAL_Driver\Src\stm32l4xx_hal_i2c.o
 .debug_abbrev  0x00001525      0x21a Drivers\STM32L4xx_HAL_Driver\Src\stm32l4xx_hal_i2c_ex.o
 .debug_abbrev  0x0000173f      0x29b Drivers\STM32L4xx_HAL_Driver\Src\stm32l4xx_hal_pcd.o
 .debug_abbrev  0x000019da      0x281 Drivers\STM32L4xx_HAL_Driver\Src\stm32l4xx_hal_pcd_ex.o
 .debug_abbrev  0x00001c5b      0x284 Drivers\STM32L4xx_HAL_Driver\Src\stm32l4xx_hal_pwr_ex.o
 .debug_abbrev  0x00001edf      0x2c8 Drivers\STM32L4xx_HAL_Driver\Src\stm32l4xx_hal_rcc.o
 .debug_abbrev  0x000021a7      0x2a1 Drivers\STM32L4xx_HAL_Driver\Src\stm32l4xx_hal_rcc_ex.o
 .debug_abbrev  0x00002448      0x294 Drivers\STM32L4xx_HAL_Driver\Src\stm32l4xx_hal_spi.o
 .debug_abbrev  0x000026dc      0x271 Drivers\STM32L4xx_HAL_Driver\Src\stm32l4xx_hal_uart.o
 .debug_abbrev  0x0000294d      0x2d7 Drivers\STM32L4xx_HAL_Driver\Src\stm32l4xx_ll_usb.o
 .debug_abbrev  0x00002c24      0x2b7 Middlewares\ST\STM32_USB_Device_Library\Class\CDC\Src\usbd_cdc.o
 .debug_abbrev  0x00002edb      0x27a Middlewares\ST\STM32_USB_Device_Library\Core\Src\usbd_core.o
 .debug_abbrev  0x00003155      0x29b Middlewares\ST\STM32_USB_Device_Library\Core\Src\usbd_ctlreq.o
 .debug_abbrev  0x000033f0      0x1ea Middlewares\ST\STM32_USB_Device_Library\Core\Src\usbd_ioreq.o
 .debug_abbrev  0x000035da      0x208 Src\M24LR64.o
 .debug_abbrev  0x000037e2      0x1eb Src\adc.o
 .debug_abbrev  0x000039cd      0x216 Src\can.o
 .debug_abbrev  0x00003be3      0x1be Src\dma.o
 .debug_abbrev  0x00003da1      0x1c0 Src\gpio.o
 .debug_abbrev  0x00003f61      0x1f4 Src\i2c.o
 .debug_abbrev  0x00004155      0x264 Src\main.o
 .debug_abbrev  0x000043b9      0x1eb Src\spi.o
 .debug_abbrev  0x000045a4      0x1c9 Src\stm32l4xx_hal_msp.o
 .debug_abbrev  0x0000476d      0x1e9 Src\stm32l4xx_it.o
 .debug_abbrev  0x00004956      0x1eb Src\system_stm32l4xx.o
 .debug_abbrev  0x00004b41      0x207 Src\usart.o
 .debug_abbrev  0x00004d48      0x218 Src\usb_device.o
 .debug_abbrev  0x00004f60      0x28f Src\usbd_cdc_if.o
 .debug_abbrev  0x000051ef      0x2f5 Src\usbd_conf.o
 .debug_abbrev  0x000054e4      0x211 Src\usbd_desc.o
 .debug_abbrev  0x000056f5       0x12 startup\startup_stm32l476xx.o

.debug_aranges  0x00000000     0x1a60
 .debug_aranges
                0x00000000      0x118 Drivers\STM32L4xx_HAL_Driver\Src\stm32l4xx_hal.o
 .debug_aranges
                0x00000118      0x1f0 Drivers\STM32L4xx_HAL_Driver\Src\stm32l4xx_hal_adc.o
 .debug_aranges
                0x00000308      0x140 Drivers\STM32L4xx_HAL_Driver\Src\stm32l4xx_hal_adc_ex.o
 .debug_aranges
                0x00000448      0x138 Drivers\STM32L4xx_HAL_Driver\Src\stm32l4xx_hal_can.o
 .debug_aranges
                0x00000580      0x118 Drivers\STM32L4xx_HAL_Driver\Src\stm32l4xx_hal_cortex.o
 .debug_aranges
                0x00000698       0x80 Drivers\STM32L4xx_HAL_Driver\Src\stm32l4xx_hal_dma.o
 .debug_aranges
                0x00000718       0x58 Drivers\STM32L4xx_HAL_Driver\Src\stm32l4xx_hal_gpio.o
 .debug_aranges
                0x00000770      0x288 Drivers\STM32L4xx_HAL_Driver\Src\stm32l4xx_hal_i2c.o
 .debug_aranges
                0x000009f8       0x48 Drivers\STM32L4xx_HAL_Driver\Src\stm32l4xx_hal_i2c_ex.o
 .debug_aranges
                0x00000a40      0x120 Drivers\STM32L4xx_HAL_Driver\Src\stm32l4xx_hal_pcd.o
 .debug_aranges
                0x00000b60       0x60 Drivers\STM32L4xx_HAL_Driver\Src\stm32l4xx_hal_pcd_ex.o
 .debug_aranges
                0x00000bc0      0x148 Drivers\STM32L4xx_HAL_Driver\Src\stm32l4xx_hal_pwr_ex.o
 .debug_aranges
                0x00000d08       0x88 Drivers\STM32L4xx_HAL_Driver\Src\stm32l4xx_hal_rcc.o
 .debug_aranges
                0x00000d90       0xb8 Drivers\STM32L4xx_HAL_Driver\Src\stm32l4xx_hal_rcc_ex.o
 .debug_aranges
                0x00000e48      0x1d8 Drivers\STM32L4xx_HAL_Driver\Src\stm32l4xx_hal_spi.o
 .debug_aranges
                0x00001020      0x1f8 Drivers\STM32L4xx_HAL_Driver\Src\stm32l4xx_hal_uart.o
 .debug_aranges
                0x00001218      0x190 Drivers\STM32L4xx_HAL_Driver\Src\stm32l4xx_ll_usb.o
 .debug_aranges
                0x000013a8       0x90 Middlewares\ST\STM32_USB_Device_Library\Class\CDC\Src\usbd_cdc.o
 .debug_aranges
                0x00001438       0xb8 Middlewares\ST\STM32_USB_Device_Library\Core\Src\usbd_core.o
 .debug_aranges
                0x000014f0       0x88 Middlewares\ST\STM32_USB_Device_Library\Core\Src\usbd_ctlreq.o
 .debug_aranges
                0x00001578       0x50 Middlewares\ST\STM32_USB_Device_Library\Core\Src\usbd_ioreq.o
 .debug_aranges
                0x000015c8       0x50 Src\M24LR64.o
 .debug_aranges
                0x00001618       0x30 Src\adc.o
 .debug_aranges
                0x00001648       0x30 Src\can.o
 .debug_aranges
                0x00001678       0x20 Src\dma.o
 .debug_aranges
                0x00001698       0x20 Src\gpio.o
 .debug_aranges
                0x000016b8       0x30 Src\i2c.o
 .debug_aranges
                0x000016e8       0x30 Src\main.o
 .debug_aranges
                0x00001718       0x30 Src\spi.o
 .debug_aranges
                0x00001748       0x20 Src\stm32l4xx_hal_msp.o
 .debug_aranges
                0x00001768       0x88 Src\stm32l4xx_it.o
 .debug_aranges
                0x000017f0       0x28 Src\system_stm32l4xx.o
 .debug_aranges
                0x00001818       0x38 Src\usart.o
 .debug_aranges
                0x00001850       0x28 Src\usb_device.o
 .debug_aranges
                0x00001878       0x40 Src\usbd_cdc_if.o
 .debug_aranges
                0x000018b8      0x128 Src\usbd_conf.o
 .debug_aranges
                0x000019e0       0x58 Src\usbd_desc.o
 .debug_aranges
                0x00001a38       0x28 startup\startup_stm32l476xx.o

.debug_ranges   0x00000000     0x1808
 .debug_ranges  0x00000000      0x108 Drivers\STM32L4xx_HAL_Driver\Src\stm32l4xx_hal.o
 .debug_ranges  0x00000108      0x1e0 Drivers\STM32L4xx_HAL_Driver\Src\stm32l4xx_hal_adc.o
 .debug_ranges  0x000002e8      0x130 Drivers\STM32L4xx_HAL_Driver\Src\stm32l4xx_hal_adc_ex.o
 .debug_ranges  0x00000418      0x128 Drivers\STM32L4xx_HAL_Driver\Src\stm32l4xx_hal_can.o
 .debug_ranges  0x00000540      0x108 Drivers\STM32L4xx_HAL_Driver\Src\stm32l4xx_hal_cortex.o
 .debug_ranges  0x00000648       0x70 Drivers\STM32L4xx_HAL_Driver\Src\stm32l4xx_hal_dma.o
 .debug_ranges  0x000006b8       0x48 Drivers\STM32L4xx_HAL_Driver\Src\stm32l4xx_hal_gpio.o
 .debug_ranges  0x00000700      0x278 Drivers\STM32L4xx_HAL_Driver\Src\stm32l4xx_hal_i2c.o
 .debug_ranges  0x00000978       0x38 Drivers\STM32L4xx_HAL_Driver\Src\stm32l4xx_hal_i2c_ex.o
 .debug_ranges  0x000009b0      0x110 Drivers\STM32L4xx_HAL_Driver\Src\stm32l4xx_hal_pcd.o
 .debug_ranges  0x00000ac0       0x50 Drivers\STM32L4xx_HAL_Driver\Src\stm32l4xx_hal_pcd_ex.o
 .debug_ranges  0x00000b10      0x138 Drivers\STM32L4xx_HAL_Driver\Src\stm32l4xx_hal_pwr_ex.o
 .debug_ranges  0x00000c48       0x78 Drivers\STM32L4xx_HAL_Driver\Src\stm32l4xx_hal_rcc.o
 .debug_ranges  0x00000cc0       0xa8 Drivers\STM32L4xx_HAL_Driver\Src\stm32l4xx_hal_rcc_ex.o
 .debug_ranges  0x00000d68      0x1c8 Drivers\STM32L4xx_HAL_Driver\Src\stm32l4xx_hal_spi.o
 .debug_ranges  0x00000f30      0x1e8 Drivers\STM32L4xx_HAL_Driver\Src\stm32l4xx_hal_uart.o
 .debug_ranges  0x00001118      0x180 Drivers\STM32L4xx_HAL_Driver\Src\stm32l4xx_ll_usb.o
 .debug_ranges  0x00001298       0x80 Middlewares\ST\STM32_USB_Device_Library\Class\CDC\Src\usbd_cdc.o
 .debug_ranges  0x00001318       0xa8 Middlewares\ST\STM32_USB_Device_Library\Core\Src\usbd_core.o
 .debug_ranges  0x000013c0       0x78 Middlewares\ST\STM32_USB_Device_Library\Core\Src\usbd_ctlreq.o
 .debug_ranges  0x00001438       0x40 Middlewares\ST\STM32_USB_Device_Library\Core\Src\usbd_ioreq.o
 .debug_ranges  0x00001478       0x40 Src\M24LR64.o
 .debug_ranges  0x000014b8       0x20 Src\adc.o
 .debug_ranges  0x000014d8       0x20 Src\can.o
 .debug_ranges  0x000014f8       0x10 Src\dma.o
 .debug_ranges  0x00001508       0x10 Src\gpio.o
 .debug_ranges  0x00001518       0x20 Src\i2c.o
 .debug_ranges  0x00001538       0x20 Src\main.o
 .debug_ranges  0x00001558       0x20 Src\spi.o
 .debug_ranges  0x00001578       0x10 Src\stm32l4xx_hal_msp.o
 .debug_ranges  0x00001588       0x78 Src\stm32l4xx_it.o
 .debug_ranges  0x00001600       0x18 Src\system_stm32l4xx.o
 .debug_ranges  0x00001618       0x28 Src\usart.o
 .debug_ranges  0x00001640       0x18 Src\usb_device.o
 .debug_ranges  0x00001658       0x30 Src\usbd_cdc_if.o
 .debug_ranges  0x00001688      0x118 Src\usbd_conf.o
 .debug_ranges  0x000017a0       0x48 Src\usbd_desc.o
 .debug_ranges  0x000017e8       0x20 startup\startup_stm32l476xx.o

.debug_line     0x00000000     0xe4c7
 .debug_line    0x00000000      0x4f9 Drivers\STM32L4xx_HAL_Driver\Src\stm32l4xx_hal.o
 .debug_line    0x000004f9     0x11c2 Drivers\STM32L4xx_HAL_Driver\Src\stm32l4xx_hal_adc.o
 .debug_line    0x000016bb      0xd74 Drivers\STM32L4xx_HAL_Driver\Src\stm32l4xx_hal_adc_ex.o
 .debug_line    0x0000242f      0x76c Drivers\STM32L4xx_HAL_Driver\Src\stm32l4xx_hal_can.o
 .debug_line    0x00002b9b      0x5c1 Drivers\STM32L4xx_HAL_Driver\Src\stm32l4xx_hal_cortex.o
 .debug_line    0x0000315c      0x4c8 Drivers\STM32L4xx_HAL_Driver\Src\stm32l4xx_hal_dma.o
 .debug_line    0x00003624      0x473 Drivers\STM32L4xx_HAL_Driver\Src\stm32l4xx_hal_gpio.o
 .debug_line    0x00003a97     0x1632 Drivers\STM32L4xx_HAL_Driver\Src\stm32l4xx_hal_i2c.o
 .debug_line    0x000050c9      0x401 Drivers\STM32L4xx_HAL_Driver\Src\stm32l4xx_hal_i2c_ex.o
 .debug_line    0x000054ca      0x7f7 Drivers\STM32L4xx_HAL_Driver\Src\stm32l4xx_hal_pcd.o
 .debug_line    0x00005cc1      0x3a2 Drivers\STM32L4xx_HAL_Driver\Src\stm32l4xx_hal_pcd_ex.o
 .debug_line    0x00006063      0x68c Drivers\STM32L4xx_HAL_Driver\Src\stm32l4xx_hal_pwr_ex.o
 .debug_line    0x000066ef      0x5a9 Drivers\STM32L4xx_HAL_Driver\Src\stm32l4xx_hal_rcc.o
 .debug_line    0x00006c98      0x8cd Drivers\STM32L4xx_HAL_Driver\Src\stm32l4xx_hal_rcc_ex.o
 .debug_line    0x00007565      0xd19 Drivers\STM32L4xx_HAL_Driver\Src\stm32l4xx_hal_spi.o
 .debug_line    0x0000827e      0xdf0 Drivers\STM32L4xx_HAL_Driver\Src\stm32l4xx_hal_uart.o
 .debug_line    0x0000906e      0x937 Drivers\STM32L4xx_HAL_Driver\Src\stm32l4xx_ll_usb.o
 .debug_line    0x000099a5      0x556 Middlewares\ST\STM32_USB_Device_Library\Class\CDC\Src\usbd_cdc.o
 .debug_line    0x00009efb      0x512 Middlewares\ST\STM32_USB_Device_Library\Core\Src\usbd_core.o
 .debug_line    0x0000a40d      0x590 Middlewares\ST\STM32_USB_Device_Library\Core\Src\usbd_ctlreq.o
 .debug_line    0x0000a99d      0x37d Middlewares\ST\STM32_USB_Device_Library\Core\Src\usbd_ioreq.o
 .debug_line    0x0000ad1a      0x354 Src\M24LR64.o
 .debug_line    0x0000b06e      0x336 Src\adc.o
 .debug_line    0x0000b3a4      0x2f8 Src\can.o
 .debug_line    0x0000b69c      0x23e Src\dma.o
 .debug_line    0x0000b8da      0x291 Src\gpio.o
 .debug_line    0x0000bb6b      0x306 Src\i2c.o
 .debug_line    0x0000be71      0x4d5 Src\main.o
 .debug_line    0x0000c346      0x302 Src\spi.o
 .debug_line    0x0000c648      0x24c Src\stm32l4xx_hal_msp.o
 .debug_line    0x0000c894      0x3b0 Src\stm32l4xx_it.o
 .debug_line    0x0000cc44      0x289 Src\system_stm32l4xx.o
 .debug_line    0x0000cecd      0x373 Src\usart.o
 .debug_line    0x0000d240      0x409 Src\usb_device.o
 .debug_line    0x0000d649      0x38e Src\usbd_cdc_if.o
 .debug_line    0x0000d9d7      0x6f8 Src\usbd_conf.o
 .debug_line    0x0000e0cf      0x379 Src\usbd_desc.o
 .debug_line    0x0000e448       0x7f startup\startup_stm32l476xx.o

.debug_str      0x00000000     0x7aff
 .debug_str     0x00000000      0xfdb Drivers\STM32L4xx_HAL_Driver\Src\stm32l4xx_hal.o
                               0x109a (size before relaxing)
 .debug_str     0x00000fdb      0xae5 Drivers\STM32L4xx_HAL_Driver\Src\stm32l4xx_hal_adc.o
                               0x130a (size before relaxing)
 .debug_str     0x00001ac0      0x572 Drivers\STM32L4xx_HAL_Driver\Src\stm32l4xx_hal_adc_ex.o
                               0x12a4 (size before relaxing)
 .debug_str     0x00002032      0x783 Drivers\STM32L4xx_HAL_Driver\Src\stm32l4xx_hal_can.o
                                0xedc (size before relaxing)
 .debug_str     0x000027b5      0x408 Drivers\STM32L4xx_HAL_Driver\Src\stm32l4xx_hal_cortex.o
                               0x109a (size before relaxing)
 .debug_str     0x00002bbd      0x267 Drivers\STM32L4xx_HAL_Driver\Src\stm32l4xx_hal_dma.o
                                0xae6 (size before relaxing)
 .debug_str     0x00002e24      0x1d4 Drivers\STM32L4xx_HAL_Driver\Src\stm32l4xx_hal_gpio.o
                                0x9f5 (size before relaxing)
 .debug_str     0x00002ff8      0xad5 Drivers\STM32L4xx_HAL_Driver\Src\stm32l4xx_hal_i2c.o
                               0x13b2 (size before relaxing)
 .debug_str     0x00003acd       0xf3 Drivers\STM32L4xx_HAL_Driver\Src\stm32l4xx_hal_i2c_ex.o
                                0xd97 (size before relaxing)
 .debug_str     0x00003bc0      0x878 Drivers\STM32L4xx_HAL_Driver\Src\stm32l4xx_hal_pcd.o
                                0xf86 (size before relaxing)
 .debug_str     0x00004438      0x1dc Drivers\STM32L4xx_HAL_Driver\Src\stm32l4xx_hal_pcd_ex.o
                                0xd51 (size before relaxing)
 .debug_str     0x00004614      0x512 Drivers\STM32L4xx_HAL_Driver\Src\stm32l4xx_hal_pwr_ex.o
                                0xc71 (size before relaxing)
 .debug_str     0x00004b26      0x391 Drivers\STM32L4xx_HAL_Driver\Src\stm32l4xx_hal_rcc.o
                                0xc68 (size before relaxing)
 .debug_str     0x00004eb7      0x538 Drivers\STM32L4xx_HAL_Driver\Src\stm32l4xx_hal_rcc_ex.o
                                0xe95 (size before relaxing)
 .debug_str     0x000053ef      0x6e5 Drivers\STM32L4xx_HAL_Driver\Src\stm32l4xx_hal_spi.o
                                0xfcd (size before relaxing)
 .debug_str     0x00005ad4      0x8b2 Drivers\STM32L4xx_HAL_Driver\Src\stm32l4xx_hal_uart.o
                               0x1342 (size before relaxing)
 .debug_str     0x00006386      0x637 Drivers\STM32L4xx_HAL_Driver\Src\stm32l4xx_ll_usb.o
                               0x10db (size before relaxing)
 .debug_str     0x000069bd      0x59d Middlewares\ST\STM32_USB_Device_Library\Class\CDC\Src\usbd_cdc.o
                               0x10a7 (size before relaxing)
 .debug_str     0x00006f5a      0x1c1 Middlewares\ST\STM32_USB_Device_Library\Core\Src\usbd_core.o
                                0xbec (size before relaxing)
 .debug_str     0x0000711b      0x12b Middlewares\ST\STM32_USB_Device_Library\Core\Src\usbd_ctlreq.o
                                0xb72 (size before relaxing)
 .debug_str     0x00007246       0xc9 Middlewares\ST\STM32_USB_Device_Library\Core\Src\usbd_ioreq.o
                                0xafa (size before relaxing)
 .debug_str     0x0000730f       0xad Src\M24LR64.o
                                0xbbf (size before relaxing)
 .debug_str     0x000073bc       0x2a Src\adc.o
                                0xd66 (size before relaxing)
 .debug_str     0x000073e6       0x2a Src\can.o
                                0xadc (size before relaxing)
 .debug_str     0x00007410       0x19 Src\dma.o
                                0xc85 (size before relaxing)
 .debug_str     0x00007429       0x1b Src\gpio.o
                                0x848 (size before relaxing)
 .debug_str     0x00007444       0x24 Src\i2c.o
                               0x11eb (size before relaxing)
 .debug_str     0x00007468       0xd6 Src\main.o
                               0x21ae (size before relaxing)
 .debug_str     0x0000753e       0x24 Src\spi.o
                                0xc46 (size before relaxing)
 .debug_str     0x00007562       0x1b Src\stm32l4xx_hal_msp.o
                                0xc93 (size before relaxing)
 .debug_str     0x0000757d      0x168 Src\stm32l4xx_it.o
                                0xd29 (size before relaxing)
 .debug_str     0x000076e5       0x3b Src\system_stm32l4xx.o
                                0x83d (size before relaxing)
 .debug_str     0x00007720       0x42 Src\usart.o
                                0xd4f (size before relaxing)
 .debug_str     0x00007762       0x51 Src\usb_device.o
                                0xf57 (size before relaxing)
 .debug_str     0x000077b3       0x7b Src\usbd_cdc_if.o
                                0xb72 (size before relaxing)
 .debug_str     0x0000782e      0x199 Src\usbd_conf.o
                               0x18ba (size before relaxing)
 .debug_str     0x000079c7      0x138 Src\usbd_desc.o
                                0x8bf (size before relaxing)

.comment        0x00000000       0x7c
 .comment       0x00000000       0x7c Drivers\STM32L4xx_HAL_Driver\Src\stm32l4xx_hal.o
                                 0x7d (size before relaxing)
 .comment       0x0000007c       0x7d Drivers\STM32L4xx_HAL_Driver\Src\stm32l4xx_hal_adc.o
 .comment       0x0000007c       0x7d Drivers\STM32L4xx_HAL_Driver\Src\stm32l4xx_hal_adc_ex.o
 .comment       0x0000007c       0x7d Drivers\STM32L4xx_HAL_Driver\Src\stm32l4xx_hal_can.o
 .comment       0x0000007c       0x7d Drivers\STM32L4xx_HAL_Driver\Src\stm32l4xx_hal_cortex.o
 .comment       0x0000007c       0x7d Drivers\STM32L4xx_HAL_Driver\Src\stm32l4xx_hal_dma.o
 .comment       0x0000007c       0x7d Drivers\STM32L4xx_HAL_Driver\Src\stm32l4xx_hal_gpio.o
 .comment       0x0000007c       0x7d Drivers\STM32L4xx_HAL_Driver\Src\stm32l4xx_hal_i2c.o
 .comment       0x0000007c       0x7d Drivers\STM32L4xx_HAL_Driver\Src\stm32l4xx_hal_i2c_ex.o
 .comment       0x0000007c       0x7d Drivers\STM32L4xx_HAL_Driver\Src\stm32l4xx_hal_pcd.o
 .comment       0x0000007c       0x7d Drivers\STM32L4xx_HAL_Driver\Src\stm32l4xx_hal_pcd_ex.o
 .comment       0x0000007c       0x7d Drivers\STM32L4xx_HAL_Driver\Src\stm32l4xx_hal_pwr_ex.o
 .comment       0x0000007c       0x7d Drivers\STM32L4xx_HAL_Driver\Src\stm32l4xx_hal_rcc.o
 .comment       0x0000007c       0x7d Drivers\STM32L4xx_HAL_Driver\Src\stm32l4xx_hal_rcc_ex.o
 .comment       0x0000007c       0x7d Drivers\STM32L4xx_HAL_Driver\Src\stm32l4xx_hal_spi.o
 .comment       0x0000007c       0x7d Drivers\STM32L4xx_HAL_Driver\Src\stm32l4xx_hal_uart.o
 .comment       0x0000007c       0x7d Drivers\STM32L4xx_HAL_Driver\Src\stm32l4xx_ll_usb.o
 .comment       0x0000007c       0x7d Middlewares\ST\STM32_USB_Device_Library\Class\CDC\Src\usbd_cdc.o
 .comment       0x0000007c       0x7d Middlewares\ST\STM32_USB_Device_Library\Core\Src\usbd_core.o
 .comment       0x0000007c       0x7d Middlewares\ST\STM32_USB_Device_Library\Core\Src\usbd_ctlreq.o
 .comment       0x0000007c       0x7d Middlewares\ST\STM32_USB_Device_Library\Core\Src\usbd_ioreq.o
 .comment       0x0000007c       0x7d Src\M24LR64.o
 .comment       0x0000007c       0x7d Src\adc.o
 .comment       0x0000007c       0x7d Src\can.o
 .comment       0x0000007c       0x7d Src\dma.o
 .comment       0x0000007c       0x7d Src\gpio.o
 .comment       0x0000007c       0x7d Src\i2c.o
 .comment       0x0000007c       0x7d Src\main.o
 .comment       0x0000007c       0x7d Src\spi.o
 .comment       0x0000007c       0x7d Src\stm32l4xx_hal_msp.o
 .comment       0x0000007c       0x7d Src\stm32l4xx_it.o
 .comment       0x0000007c       0x7d Src\system_stm32l4xx.o
 .comment       0x0000007c       0x7d Src\usart.o
 .comment       0x0000007c       0x7d Src\usb_device.o
 .comment       0x0000007c       0x7d Src\usbd_cdc_if.o
 .comment       0x0000007c       0x7d Src\usbd_conf.o
 .comment       0x0000007c       0x7d Src\usbd_desc.o

.debug_frame    0x00000000     0x6cf4
 .debug_frame   0x00000000      0x42c Drivers\STM32L4xx_HAL_Driver\Src\stm32l4xx_hal.o
 .debug_frame   0x0000042c      0x918 Drivers\STM32L4xx_HAL_Driver\Src\stm32l4xx_hal_adc.o
 .debug_frame   0x00000d44      0x5b8 Drivers\STM32L4xx_HAL_Driver\Src\stm32l4xx_hal_adc_ex.o
 .debug_frame   0x000012fc      0x5a0 Drivers\STM32L4xx_HAL_Driver\Src\stm32l4xx_hal_can.o
 .debug_frame   0x0000189c      0x498 Drivers\STM32L4xx_HAL_Driver\Src\stm32l4xx_hal_cortex.o
 .debug_frame   0x00001d34      0x204 Drivers\STM32L4xx_HAL_Driver\Src\stm32l4xx_hal_dma.o
 .debug_frame   0x00001f38      0x14c Drivers\STM32L4xx_HAL_Driver\Src\stm32l4xx_hal_gpio.o
 .debug_frame   0x00002084      0xbb4 Drivers\STM32L4xx_HAL_Driver\Src\stm32l4xx_hal_i2c.o
 .debug_frame   0x00002c38      0x100 Drivers\STM32L4xx_HAL_Driver\Src\stm32l4xx_hal_i2c_ex.o
 .debug_frame   0x00002d38      0x4fc Drivers\STM32L4xx_HAL_Driver\Src\stm32l4xx_hal_pcd.o
 .debug_frame   0x00003234      0x174 Drivers\STM32L4xx_HAL_Driver\Src\stm32l4xx_hal_pcd_ex.o
 .debug_frame   0x000033a8      0x524 Drivers\STM32L4xx_HAL_Driver\Src\stm32l4xx_hal_pwr_ex.o
 .debug_frame   0x000038cc      0x1f4 Drivers\STM32L4xx_HAL_Driver\Src\stm32l4xx_hal_rcc.o
 .debug_frame   0x00003ac0      0x2d4 Drivers\STM32L4xx_HAL_Driver\Src\stm32l4xx_hal_rcc_ex.o
 .debug_frame   0x00003d94      0x864 Drivers\STM32L4xx_HAL_Driver\Src\stm32l4xx_hal_spi.o
 .debug_frame   0x000045f8      0x900 Drivers\STM32L4xx_HAL_Driver\Src\stm32l4xx_hal_uart.o
 .debug_frame   0x00004ef8      0x764 Drivers\STM32L4xx_HAL_Driver\Src\stm32l4xx_ll_usb.o
 .debug_frame   0x0000565c      0x248 Middlewares\ST\STM32_USB_Device_Library\Class\CDC\Src\usbd_cdc.o
 .debug_frame   0x000058a4      0x300 Middlewares\ST\STM32_USB_Device_Library\Core\Src\usbd_core.o
 .debug_frame   0x00005ba4      0x218 Middlewares\ST\STM32_USB_Device_Library\Core\Src\usbd_ctlreq.o
 .debug_frame   0x00005dbc      0x10c Middlewares\ST\STM32_USB_Device_Library\Core\Src\usbd_ioreq.o
 .debug_frame   0x00005ec8      0x10c Src\M24LR64.o
 .debug_frame   0x00005fd4       0x7c Src\adc.o
 .debug_frame   0x00006050       0x74 Src\can.o
 .debug_frame   0x000060c4       0x34 Src\dma.o
 .debug_frame   0x000060f8       0x34 Src\gpio.o
 .debug_frame   0x0000612c       0x74 Src\i2c.o
 .debug_frame   0x000061a0       0x70 Src\main.o
 .debug_frame   0x00006210       0x74 Src\spi.o
 .debug_frame   0x00006284       0x34 Src\stm32l4xx_hal_msp.o
 .debug_frame   0x000062b8      0x198 Src\stm32l4xx_it.o
 .debug_frame   0x00006450       0x58 Src\system_stm32l4xx.o
 .debug_frame   0x000064a8       0x94 Src\usart.o
 .debug_frame   0x0000653c       0x50 Src\usb_device.o
 .debug_frame   0x0000658c       0xbc Src\usbd_cdc_if.o
 .debug_frame   0x00006648      0x4e4 Src\usbd_conf.o
 .debug_frame   0x00006b2c      0x13c Src\usbd_desc.o
 .debug_frame   0x00006c68       0x2c c:/program files (x86)/atollic/truestudio for stm32 9.0.0/armtools/bin/../lib/gcc/arm-atollic-eabi/6.3.1/../../../../arm-atollic-eabi/lib/armv7e-m/fpu\libc_nano.a(lib_a-init.o)
 .debug_frame   0x00006c94       0x2c c:/program files (x86)/atollic/truestudio for stm32 9.0.0/armtools/bin/../lib/gcc/arm-atollic-eabi/6.3.1/armv7e-m/fpu\libgcc.a(_aeabi_uldivmod.o)
 .debug_frame   0x00006cc0       0x34 c:/program files (x86)/atollic/truestudio for stm32 9.0.0/armtools/bin/../lib/gcc/arm-atollic-eabi/6.3.1/armv7e-m/fpu\libgcc.a(_udivmoddi4.o)