stm32l4xx_hal_can.c:290:19:HAL_CAN_Init	24	static
stm32l4xx_hal_can.c:475:19:HAL_CAN_DeInit	16	static
stm32l4xx_hal_can.c:522:13:HAL_CAN_MspInit	16	static
stm32l4xx_hal_can.c:538:13:HAL_CAN_MspDeInit	16	static
stm32l4xx_hal_can.c:854:19:HAL_CAN_ConfigFilter	32	static
stm32l4xx_hal_can.c:1020:19:HAL_CAN_Start	24	static
stm32l4xx_hal_can.c:1072:19:HAL_CAN_Stop	24	static
stm32l4xx_hal_can.c:1127:19:HAL_CAN_RequestSleep	24	static
stm32l4xx_hal_can.c:1158:19:HAL_CAN_WakeUp	32	static
stm32l4xx_hal_can.c:1207:10:HAL_CAN_IsSleepActive	24	static
stm32l4xx_hal_can.c:1238:19:HAL_CAN_AddTxMessage	40	static
stm32l4xx_hal_can.c:1346:19:HAL_CAN_AbortTxRequest	24	static
stm32l4xx_hal_can.c:1395:10:HAL_CAN_GetTxMailboxesFreeLevel	24	static
stm32l4xx_hal_can.c:1438:10:HAL_CAN_IsTxMessagePending	24	static
stm32l4xx_hal_can.c:1470:10:HAL_CAN_GetTxTimestamp	40	static
stm32l4xx_hal_can.c:1504:19:HAL_CAN_GetRxMessage	32	static
stm32l4xx_hal_can.c:1594:10:HAL_CAN_GetRxFifoFillLevel	24	static
stm32l4xx_hal_can.c:1647:19:HAL_CAN_ActivateNotification	24	static
stm32l4xx_hal_can.c:1680:19:HAL_CAN_DeactivateNotification	24	static
stm32l4xx_hal_can.c:1711:6:HAL_CAN_IRQHandler	48	static
stm32l4xx_hal_can.c:2122:13:HAL_CAN_TxMailbox0CompleteCallback	16	static
stm32l4xx_hal_can.c:2139:13:HAL_CAN_TxMailbox1CompleteCallback	16	static
stm32l4xx_hal_can.c:2156:13:HAL_CAN_TxMailbox2CompleteCallback	16	static
stm32l4xx_hal_can.c:2173:13:HAL_CAN_TxMailbox0AbortCallback	16	static
stm32l4xx_hal_can.c:2190:13:HAL_CAN_TxMailbox1AbortCallback	16	static
stm32l4xx_hal_can.c:2207:13:HAL_CAN_TxMailbox2AbortCallback	16	static
stm32l4xx_hal_can.c:2224:13:HAL_CAN_RxFifo0MsgPendingCallback	16	static
stm32l4xx_hal_can.c:2241:13:HAL_CAN_RxFifo0FullCallback	16	static
stm32l4xx_hal_can.c:2258:13:HAL_CAN_RxFifo1MsgPendingCallback	16	static
stm32l4xx_hal_can.c:2275:13:HAL_CAN_RxFifo1FullCallback	16	static
stm32l4xx_hal_can.c:2292:13:HAL_CAN_SleepCallback	16	static
stm32l4xx_hal_can.c:2308:13:HAL_CAN_WakeUpFromRxMsgCallback	16	static
stm32l4xx_hal_can.c:2325:13:HAL_CAN_ErrorCallback	16	static
stm32l4xx_hal_can.c:2362:22:HAL_CAN_GetState	24	static
stm32l4xx_hal_can.c:2397:10:HAL_CAN_GetError	16	static
stm32l4xx_hal_can.c:2409:19:HAL_CAN_ResetError	24	static
