stm32l4xx_ll_adc.h:2523:22:LL_ADC_SetCommonPathInternalCh	16	static
stm32l4xx_ll_adc.h:2545:26:LL_ADC_GetCommonPathInternalCh	16	static
stm32l4xx_ll_adc.h:2886:22:LL_ADC_SetOffset	24	static
stm32l4xx_ll_adc.h:2965:26:LL_ADC_GetOffsetChannel	16	static
stm32l4xx_ll_adc.h:3024:22:LL_ADC_SetOffsetState	24	static
stm32l4xx_ll_adc.h:4682:22:LL_ADC_SetChannelSamplingTime	48	static
stm32l4xx_ll_adc.h:4853:22:LL_ADC_SetChannelSingleDiff	24	static
stm32l4xx_ll_adc.h:6136:22:LL_ADC_REG_StartConversion	16	static
stm32l4xx_ll_adc.h:6172:26:LL_ADC_REG_IsConversionOngoing	16	static
stm32l4xx_ll_adc.h:6355:26:LL_ADC_INJ_IsConversionOngoing	16	static
stm32l4xx_hal_adc_ex.c:145:19:HAL_ADCEx_Calibration_Start	24	static
stm32l4xx_hal_adc_ex.c:224:10:HAL_ADCEx_Calibration_GetValue	16	static
stm32l4xx_hal_adc_ex.c:251:19:HAL_ADCEx_Calibration_SetValue	32	static
stm32l4xx_hal_adc_ex.c:307:19:HAL_ADCEx_InjectedStart	24	static
stm32l4xx_hal_adc_ex.c:438:19:HAL_ADCEx_InjectedStop	24	static
stm32l4xx_hal_adc_ex.c:493:19:HAL_ADCEx_InjectedPollForConversion	32	static
stm32l4xx_hal_adc_ex.c:614:19:HAL_ADCEx_InjectedStart_IT	24	static
stm32l4xx_hal_adc_ex.c:767:19:HAL_ADCEx_InjectedStop_IT	24	static
stm32l4xx_hal_adc_ex.c:834:19:HAL_ADCEx_MultiModeStart_DMA	136	static
stm32l4xx_hal_adc_ex.c:949:19:HAL_ADCEx_MultiModeStop_DMA	128	static
stm32l4xx_hal_adc_ex.c:1055:10:HAL_ADCEx_MultiModeGetValue	24	static
stm32l4xx_hal_adc_ex.c:1102:10:HAL_ADCEx_InjectedGetValue	24	static
stm32l4xx_hal_adc_ex.c:1137:13:HAL_ADCEx_InjectedConvCpltCallback	16	static
stm32l4xx_hal_adc_ex.c:1156:13:HAL_ADCEx_InjectedQueueOverflowCallback	16	static
stm32l4xx_hal_adc_ex.c:1171:13:HAL_ADCEx_LevelOutOfWindow2Callback	16	static
stm32l4xx_hal_adc_ex.c:1186:13:HAL_ADCEx_LevelOutOfWindow3Callback	16	static
stm32l4xx_hal_adc_ex.c:1202:13:HAL_ADCEx_EndOfSamplingCallback	16	static
stm32l4xx_hal_adc_ex.c:1219:19:HAL_ADCEx_RegularStop	24	static
stm32l4xx_hal_adc_ex.c:1277:19:HAL_ADCEx_RegularStop_IT	24	static
stm32l4xx_hal_adc_ex.c:1337:19:HAL_ADCEx_RegularStop_DMA	24	static
stm32l4xx_hal_adc_ex.c:1424:19:HAL_ADCEx_RegularMultiModeStop_DMA	128	static
stm32l4xx_hal_adc_ex.c:1593:19:HAL_ADCEx_InjectedConfigChannel	152	static
stm32l4xx_hal_adc_ex.c:2012:19:HAL_ADCEx_MultiModeConfigChannel	128	static
stm32l4xx_hal_adc_ex.c:2125:19:HAL_ADCEx_EnableInjectedQueue	16	static
stm32l4xx_hal_adc_ex.c:2152:19:HAL_ADCEx_DisableInjectedQueue	16	static
stm32l4xx_hal_adc_ex.c:2175:19:HAL_ADCEx_DisableVoltageRegulator	16	static
stm32l4xx_hal_adc_ex.c:2205:19:HAL_ADCEx_EnterADCDeepPowerDownMode	16	static
