usbd_conf.c:100:6:HAL_PCD_MspInit	48	static
usbd_conf.c:144:6:HAL_PCD_MspDeInit	24	static
usbd_conf.c:186:6:HAL_PCD_SetupStageCallback	16	static
usbd_conf.c:197:6:HAL_PCD_DataOutStageCallback	16	static
usbd_conf.c:208:6:HAL_PCD_DataInStageCallback	16	static
usbd_conf.c:218:6:HAL_PCD_SOFCallback	16	static
usbd_conf.c:228:6:HAL_PCD_ResetCallback	24	static
usbd_conf.c:255:6:HAL_PCD_SuspendCallback	16	static
usbd_conf.c:276:6:HAL_PCD_ResumeCallback	16	static
usbd_conf.c:297:6:HAL_PCD_ISOOUTIncompleteCallback	16	static
usbd_conf.c:308:6:HAL_PCD_ISOINIncompleteCallback	16	static
usbd_conf.c:318:6:HAL_PCD_ConnectCallback	16	static
usbd_conf.c:328:6:HAL_PCD_DisconnectCallback	16	static
usbd_conf.c:342:20:USBD_LL_Init	16	static
usbd_conf.c:379:20:USBD_LL_DeInit	24	static
usbd_conf.c:411:20:USBD_LL_Start	24	static
usbd_conf.c:443:20:USBD_LL_Stop	24	static
usbd_conf.c:478:20:USBD_LL_OpenEP	24	static
usbd_conf.c:511:20:USBD_LL_CloseEP	24	static
usbd_conf.c:544:20:USBD_LL_FlushEP	24	static
usbd_conf.c:577:20:USBD_LL_StallEP	24	static
usbd_conf.c:610:20:USBD_LL_ClearStallEP	24	static
usbd_conf.c:643:9:USBD_LL_IsStallEP	24	static
usbd_conf.c:663:20:USBD_LL_SetUSBAddress	24	static
usbd_conf.c:698:20:USBD_LL_Transmit	32	static
usbd_conf.c:733:20:USBD_LL_PrepareReceive	32	static
usbd_conf.c:766:10:USBD_LL_GetRxDataSize	16	static
usbd_conf.c:778:6:HAL_PCDEx_LPM_Callback	16	static
usbd_conf.c:814:6:USBD_LL_Delay	16	static
usbd_conf.c:824:7:USBD_static_malloc	16	static
usbd_conf.c:835:6:USBD_static_free	16	static
usbd_conf.c:846:13:SystemClockConfig_Resume	8	static
usbd_conf.c:858:6:HAL_PCDEx_SetConnectionState	16	static
usbd_conf.c:881:20:USBD_LL_BatteryCharging	24	static
